Product: MDK-ARM Standard 5.10
Component: ARM Compiler 5.04 update 1 (build 49)
Tool: armlink [5040049]

==============================================================================

Section Cross References

    main.o(.text) refers to _printf_percent.o(.ARM.Collect$$_printf_percent$$00000000) for _printf_percent
    main.o(.text) refers to _printf_f.o(.ARM.Collect$$_printf_percent$$00000003) for _printf_f
    main.o(.text) refers to printf1.o(x$fpl$printf1) for _printf_fp_dec
    main.o(.text) refers to _printf_d.o(.ARM.Collect$$_printf_percent$$00000009) for _printf_d
    main.o(.text) refers to _printf_dec.o(.text) for _printf_int_dec
    main.o(.text) refers to delay.o(.text) for delay_init
    main.o(.text) refers to misc.o(.text) for NVIC_PriorityGroupConfig
    main.o(.text) refers to usart.o(.text) for uart_init
    main.o(.text) refers to led.o(.text) for LED_Init
    main.o(.text) refers to us.o(.text) for CH_SR04_Init
    main.o(.text) refers to pwm.o(.text) for TIM3_PWM_Init
    main.o(.text) refers to stm32f10x_tim.o(.text) for TIM_SetCompare1
    main.o(.text) refers to hall.o(.text) for TIM4_Cap_Init
    main.o(.text) refers to pid.o(.text) for PID_init
    main.o(.text) refers to feqf.o(x$fpl$feqf) for __aeabi_cfcmpeq
    main.o(.text) refers to faddsub_clz.o(x$fpl$fsub) for __aeabi_fsub
    main.o(.text) refers to frleqf.o(x$fpl$frleqf) for __aeabi_cfrcmple
    main.o(.text) refers to f2d.o(x$fpl$f2d) for __aeabi_f2d
    main.o(.text) refers to noretval__2printf.o(.text) for __2printf
    main.o(.text) refers to rt_memclr.o(.text) for __aeabi_memclr
    main.o(.text) refers to strlen.o(.text) for strlen
    main.o(.text) refers to rt_memcpy_v6.o(.text) for __aeabi_memcpy
    main.o(.text) refers to atof.o(i.atof) for atof
    main.o(.text) refers to d2f.o(x$fpl$d2f) for __aeabi_d2f
    main.o(.text) refers to dfix.o(x$fpl$dfix) for __aeabi_d2iz
    main.o(.text) refers to fleqf.o(x$fpl$fleqf) for __aeabi_cfcmple
    main.o(.text) refers to ffix.o(x$fpl$ffix) for __aeabi_f2iz
    main.o(.text) refers to ffixu.o(x$fpl$ffixu) for __aeabi_f2uiz
    main.o(.text) refers to hall.o(.data) for distance
    main.o(.text) refers to usart.o(.data) for USART_RX_STA
    main.o(.text) refers to usart.o(.bss) for USART_RX_BUF
    main.o(.text) refers to pid.o(.bss) for pid_s
    system_stm32f10x.o(.text) refers to system_stm32f10x.o(.data) for SystemCoreClock
    stm32f10x_tim.o(.text) refers to stm32f10x_rcc.o(.text) for RCC_APB2PeriphResetCmd
    led.o(.text) refers to stm32f10x_rcc.o(.text) for RCC_APB2PeriphClockCmd
    led.o(.text) refers to stm32f10x_gpio.o(.text) for GPIO_Init
    oled.o(.text) refers to _printf_percent.o(.ARM.Collect$$_printf_percent$$00000000) for _printf_percent
    oled.o(.text) refers to _printf_f.o(.ARM.Collect$$_printf_percent$$00000003) for _printf_f
    oled.o(.text) refers to printf1.o(x$fpl$printf1) for _printf_fp_dec
    oled.o(.text) refers to myiic.o(.text) for OLED_WR_Byte
    oled.o(.text) refers to oled.o(.bss) for OLED_GRAM
    oled.o(.text) refers to oled.o(.constdata) for asc2_1206
    oled.o(.text) refers to f2d.o(x$fpl$f2d) for __aeabi_f2d
    oled.o(.text) refers to noretval__2sprintf.o(.text) for __2sprintf
    oled.o(.text) refers to oled.o(.data) for BMP1
    motor.o(.text) refers to stm32f10x_tim.o(.text) for TIM_SetCompare1
    pwm.o(.text) refers to stm32f10x_rcc.o(.text) for RCC_APB1PeriphClockCmd
    pwm.o(.text) refers to stm32f10x_gpio.o(.text) for GPIO_Init
    pwm.o(.text) refers to stm32f10x_tim.o(.text) for TIM_TimeBaseInit
    hall.o(.text) refers to stm32f10x_rcc.o(.text) for RCC_APB1PeriphClockCmd
    hall.o(.text) refers to stm32f10x_gpio.o(.text) for GPIO_Init
    hall.o(.text) refers to stm32f10x_tim.o(.text) for TIM_ICInit
    hall.o(.text) refers to misc.o(.text) for NVIC_Init
    hall.o(.text) refers to dflt_clz.o(x$fpl$dflt) for __aeabi_i2d
    hall.o(.text) refers to dmul.o(x$fpl$dmul) for __aeabi_dmul
    hall.o(.text) refers to d2f.o(x$fpl$d2f) for __aeabi_d2f
    hall.o(.text) refers to hall.o(.bss) for TIM4_ICInitStructure
    hall.o(.text) refers to hall.o(.data) for counts
    pid.o(.text) refers to f2d.o(x$fpl$f2d) for __aeabi_f2d
    pid.o(.text) refers to drleqf.o(x$fpl$drleqf) for __aeabi_cdrcmple
    pid.o(.text) refers to frleqf.o(x$fpl$frleqf) for __aeabi_cfrcmple
    pid.o(.text) refers to fmul.o(x$fpl$fmul) for __aeabi_fmul
    pid.o(.text) refers to faddsub_clz.o(x$fpl$fadd) for __aeabi_fadd
    pid.o(.text) refers to fleqf.o(x$fpl$fleqf) for __aeabi_cfcmple
    pid.o(.text) refers to faddsub_clz.o(x$fpl$fsub) for __aeabi_fsub
    pid.o(.text) refers to faddsub_clz.o(x$fpl$frsb) for __aeabi_frsub
    pid.o(.text) refers to dleqf.o(x$fpl$dleqf) for __aeabi_cdcmple
    pid.o(.text) refers to dmul.o(x$fpl$dmul) for __aeabi_dmul
    pid.o(.text) refers to daddsub_clz.o(x$fpl$dadd) for __aeabi_dadd
    pid.o(.text) refers to d2f.o(x$fpl$d2f) for __aeabi_d2f
    pid.o(.text) refers to pid.o(.bss) for pid_s
[...]
    .text                                    0x08003044   Section        0  _printf_fp_dec.o(.text)
    _fp_digits                               0x08003047   Thumb Code   428  _printf_fp_dec.o(.text)
    .text                                    0x0800345c   Section        0  _printf_char_common.o(.text)
    _printf_input_char                       0x0800345d   Thumb Code    10  _printf_char_common.o(.text)
    .text                                    0x0800348c   Section        0  _printf_char_file.o(.text)
    .text                                    0x080034b0   Section        0  strtod.o(.text)
    _local_sscanf                            0x080034b1   Thumb Code    60  strtod.o(.text)
    .text                                    0x08003550   Section      100  rt_memcpy_w.o(.text)
    .text                                    0x080035b4   Section       78  rt_memclr_w.o(.text)
    .text                                    0x08003604   Section        8  rt_locale_intlibspace.o(.text)
    .text                                    0x0800360c   Section        8  rt_errno_addr_intlibspace.o(.text)
    .text                                    0x08003614   Section      138  lludiv10.o(.text)
    .text                                    0x0800369e   Section        0  isspace.o(.text)
    .text                                    0x080036b0   Section        0  _printf_fp_infnan.o(.text)
    .text                                    0x08003730   Section        0  _sgetc.o(.text)
    .text                                    0x08003770   Section        0  bigflt0.o(.text)
    .text                                    0x08003848   Section        0  ferror.o(.text)
    .text                                    0x08003850   Section        8  libspace.o(.text)
    .text                                    0x08003858   Section       74  sys_stackheap_outer.o(.text)
    .text                                    0x080038a4   Section       16  rt_ctype_table.o(.text)
    .text                                    0x080038b4   Section        0  scanf_fp.o(.text)
    _fp_value                                0x080038b5   Thumb Code   508  scanf_fp.o(.text)
    .text                                    0x08003d58   Section        0  exit.o(.text)
    .text                                    0x08003d64   Section      128  strcmpv7m.o(.text)
    .text                                    0x08003de4   Section        0  scanf_hexfp.o(.text)
    .text                                    0x080040fc   Section        0  scanf_infnan.o(.text)
    .text                                    0x08004230   Section       38  llshl.o(.text)
    .text                                    0x08004256   Section        0  _chval.o(.text)
    CL$$btod_d2e                             0x08004272   Section       62  btod.o(CL$$btod_d2e)
    CL$$btod_d2e_denorm_low                  0x080042b0   Section       70  btod.o(CL$$btod_d2e_denorm_low)
    CL$$btod_d2e_norm_op1                    0x080042f6   Section       96  btod.o(CL$$btod_d2e_norm_op1)
    CL$$btod_div_common                      0x08004356   Section      824  btod.o(CL$$btod_div_common)
    CL$$btod_e2d                             0x08004690   Section       84  btod.o(CL$$btod_e2d)
    CL$$btod_e2e                             0x080046e4   Section      198  btod.o(CL$$btod_e2e)
    CL$$btod_ediv                            0x080047aa   Section       40  btod.o(CL$$btod_ediv)
    CL$$btod_edivd                           0x080047d2   Section       40  btod.o(CL$$btod_edivd)
    CL$$btod_emul                            0x080047fa   Section       40  btod.o(CL$$btod_emul)
    CL$$btod_emuld                           0x08004822   Section       40  btod.o(CL$$btod_emuld)
    CL$$btod_mult_common                     0x0800484a   Section      580  btod.o(CL$$btod_mult_common)
    i.__ARM_fpclassify                       0x08004a8e   Section        0  fpclassify.o(i.__ARM_fpclassify)
    i.__mathlib_dbl_underflow                0x08004ab8   Section        0  dunder.o(i.__mathlib_dbl_underflow)
    i.__mathlib_narrow                       0x08004ac8   Section        0  narrow.o(i.__mathlib_narrow)
    i.__mathlib_tofloat                      0x08004ad8   Section        0  narrow.o(i.__mathlib_tofloat)
    i.__support_ldexp                        0x08004b60   Section        0  ldexp.o(i.__support_ldexp)
    i._is_digit                              0x08004b76   Section        0  __printf_wp.o(i._is_digit)
    i.atof                                   0x08004b84   Section        0  atof.o(i.atof)
    i.frexp                                  0x08004bb0   Section        0  frexp.o(i.frexp)
    i.ldexp                                  0x08004c08   Section        0  ldexp.o(i.ldexp)
    locale$$code                             0x08004c88   Section       44  lc_numeric_c.o(locale$$code)
    locale$$code                             0x08004cb4   Section       44  lc_ctype_c.o(locale$$code)
    x$fpl$d2f                                0x08004ce0   Section       98  d2f.o(x$fpl$d2f)
    x$fpl$dadd                               0x08004d44   Section      336  daddsub_clz.o(x$fpl$dadd)
    _dadd1                                   0x08004d55   Thumb Code     0  daddsub_clz.o(x$fpl$dadd)
    x$fpl$dcheck1                            0x08004e94   Section       16  dcheck1.o(x$fpl$dcheck1)
    x$fpl$dcmpinf                            0x08004ea4   Section       24  dcmpi.o(x$fpl$dcmpinf)
    x$fpl$deqf                               0x08004ebc   Section      120  deqf.o(x$fpl$deqf)
    x$fpl$dfix                               0x08004f34   Section       94  dfix.o(x$fpl$dfix)
    x$fpl$dflt                               0x08004f92   Section       46  dflt_clz.o(x$fpl$dflt)
    x$fpl$dleqf                              0x08004fc0   Section      120  dleqf.o(x$fpl$dleqf)
    x$fpl$dmul                               0x08005038   Section      340  dmul.o(x$fpl$dmul)
    x$fpl$dnaninf                            0x0800518c   Section      156  dnaninf.o(x$fpl$dnaninf)
    x$fpl$dretinf                            0x08005228   Section       12  dretinf.o(x$fpl$dretinf)
    x$fpl$drleqf                             0x08005234   Section      108  drleqf.o(x$fpl$drleqf)
    x$fpl$dsub                               0x080052a0   Section      468  daddsub_clz.o(x$fpl$dsub)
    _dsub1                                   0x080052b1   Thumb Code     0  daddsub_clz.o(x$fpl$dsub)
    x$fpl$f2d                                0x08005474   Section       86  f2d.o(x$fpl$f2d)
    x$fpl$fadd                               0x080054cc   Section      196  faddsub_clz.o(x$fpl$fadd)
    _fadd1                                   0x080054db   Thumb Code     0  faddsub_clz.o(x$fpl$fadd)
    x$fpl$fcmpinf                            0x08005590   Section       24  fcmpi.o(x$fpl$fcmpinf)
    x$fpl$fdiv                               0x080055a8   Section      388  fdiv.o(x$fpl$fdiv)
    _fdiv1                                   0x080055a9   Thumb Code     0  fdiv.o(x$fpl$fdiv)
    x$fpl$feqf                               0x0800572c   Section      104  feqf.o(x$fpl$feqf)
    x$fpl$ffix                               0x08005794   Section       54  ffix.o(x$fpl$ffix)
    x$fpl$ffixu                              0x080057cc   Section       62  ffixu.o(x$fpl$ffixu)
    x$fpl$fflt                               0x0800580c   Section       48  fflt_clz.o(x$fpl$fflt)
    x$fpl$ffltu                              0x0800583c   Section       38  fflt_clz.o(x$fpl$ffltu)
    x$fpl$fleqf                              0x08005864   Section      104  fleqf.o(x$fpl$fleqf)
    x$fpl$fmul                               0x080058cc   Section      258  fmul.o(x$fpl$fmul)
    x$fpl$fnaninf                            0x080059ce   Section      140  fnaninf.o(x$fpl$fnaninf)
    x$fpl$fretinf                            0x08005a5a   Section       10  fretinf.o(x$fpl$fretinf)
    x$fpl$frleqf                             0x08005a64   Section       98  frleqf.o(x$fpl$frleqf)
    x$fpl$frsb                               0x08005ac6   Section       20  faddsub_clz.o(x$fpl$frsb)
    x$fpl$fsub                               0x08005adc   Section      234  faddsub_clz.o(x$fpl$fsub)
    _fsub1                                   0x08005aeb   Thumb Code     0  faddsub_clz.o(x$fpl$fsub)
    x$fpl$printf1                            0x08005bc6   Section        4  printf1.o(x$fpl$printf1)
    x$fpl$retnan                             0x08005bca   Section      100  retnan.o(x$fpl$retnan)
    x$fpl$scalbn                             0x08005c2e   Section       92  scalbn.o(x$fpl$scalbn)
    x$fpl$scanf1                             0x08005c8a   Section        4  scanf1.o(x$fpl$scanf1)
    x$fpl$scanf2                             0x08005c8e   Section        8  scanf2.o(x$fpl$scanf2)
    x$fpl$trapveneer                         0x08005c96   Section       48  trapv.o(x$fpl$trapveneer)
    .constdata                               0x08005cc6   Section       17  __printf_flags_wp.o(.constdata)
    x$fpl$usenofp                            0x08005cc6   Section        0  usenofp.o(x$fpl$usenofp)
    maptable                                 0x08005cc6   Data          17  __printf_flags_wp.o(.constdata)
    .constdata                               0x08005cd8   Section      148  bigflt0.o(.constdata)
    tenpwrs_x                                0x08005cd8   Data          60  bigflt0.o(.constdata)
    tenpwrs_i                                0x08005d14   Data          64  bigflt0.o(.constdata)
    c$$dinf                                  0x08005d8c   Section        8  fpconst.o(c$$dinf)
    locale$$data                             0x08005d94   Section       28  lc_numeric_c.o(locale$$data)
    __lcnum_c_name                           0x08005d98   Data           2  lc_numeric_c.o(locale$$data)
    __lcnum_c_start                          0x08005da0   Data           0  lc_numeric_c.o(locale$$data)
    __lcnum_c_point                          0x08005dac   Data           0  lc_numeric_c.o(locale$$data)
    __lcnum_c_thousands                      0x08005dae   Data           0  lc_numeric_c.o(locale$$data)
    __lcnum_c_grouping                       0x08005daf   Data           0  lc_numeric_c.o(locale$$data)
    locale$$data                             0x08005db0   Section      272  lc_ctype_c.o(locale$$data)
    __lcnum_c_end                            0x08005db0   Data           0  lc_numeric_c.o(locale$$data)
    __lcctype_c_name                         0x08005db4   Data           2  lc_ctype_c.o(locale$$data)
    __lcctype_c_start                        0x08005dbc   Data           0  lc_ctype_c.o(locale$$data)
    __lcctype_c_end                          0x08005ec0   Data           0  lc_ctype_c.o(locale$$data)
    .data                                    0x20000000   Section       20  system_stm32f10x.o(.data)
    .data                                    0x20000014   Section       24  hall.o(.data)
    .data                                    0x2000002c   Section        8  us.o(.data)
    .data                                    0x20000034   Section        4  delay.o(.data)
    fac_us                                   0x20000034   Data           1  delay.o(.data)
    fac_ms                                   0x20000036   Data           2  delay.o(.data)
    .data                                    0x20000038   Section        7  usart.o(.data)
    .data                                    0x2000003f   Section       20  stm32f10x_rcc.o(.data)
    APBAHBPrescTable                         0x2000003f   Data          16  stm32f10x_rcc.o(.data)
    ADCPrescTable                            0x2000004f   Data           4  stm32f10x_rcc.o(.data)
    .bss                                     0x20000054   Section       10  hall.o(.bss)
    .bss                                     0x20000060   Section      104  pid.o(.bss)
    .bss                                     0x200000c8   Section       10  us.o(.bss)
    .bss                                     0x200000d2   Section      220  usart.o(.bss)
    .bss                                     0x200001b0   Section       96  libspace.o(.bss)
    HEAP                                     0x20000210   Section      512  startup_stm32f10x_hd.o(HEAP)
    Heap_Mem                                 0x20000210   Data         512  startup_stm32f10x_hd.o(HEAP)
    STACK                                    0x20000410   Section     1024  startup_stm32f10x_hd.o(STACK)
    Stack_Mem                                0x20000410   Data        1024  startup_stm32f10x_hd.o(STACK)
    __initial_sp                             0x20000810   Data           0  startup_stm32f10x_hd.o(STACK)

    Global Symbols

    Symbol Name                              Value     Ov Type        Size  Object(Section)

    BuildAttributes$$THM_ISAv4$P$D$K$B$S$PE$A:L22UL41UL21$X:L11$S22US41US21$IEEE1$IW$USESV6$~STKCKD$USESV7$~SHL$OTIME$ROPI$IEEEX$EBA8$UX$STANDARDLIB$REQ8$PRES8$EABIv2 0x00000000   Number         0  anon$$obj.o ABSOLUTE
    __ARM_use_no_argv                        0x00000000   Number         0  main.o ABSOLUTE
    _printf_flags                            0x00000000   Number         0  printf_stubs.o ABSOLUTE
    _printf_return_value                     0x00000000   Number         0  printf_stubs.o ABSOLUTE
    _printf_sizespec                         0x00000000   Number         0  printf_stubs.o ABSOLUTE
    _printf_widthprec                        0x00000000   Number         0  printf_stubs.o ABSOLUTE
    __ARM_exceptions_init                     - Undefined Weak Reference
    __alloca_initialize                       - Undefined Weak Reference
    __cpp_initialize__aeabi_                  - Undefined Weak Reference
    __cxa_finalize                            - Undefined Weak Reference
    __sigvec_lookup                           - Undefined Weak Reference
    _atexit_init                              - Undefined Weak Reference
    _call_atexit_fns                          - Undefined Weak Reference
    _clock_init                               - Undefined Weak Reference
    _fp_trap_init                             - Undefined Weak Reference
    _fp_trap_shutdown                         - Undefined Weak Reference
    _get_lc_collate                           - Undefined Weak Reference
    _get_lc_monetary                          - Undefined Weak Reference
    _get_lc_time                              - Undefined Weak Reference
    _getenv_init                              - Undefined Weak Reference
    _handle_redirection                       - Undefined Weak Reference
    _init_alloc                               - Undefined Weak Reference
    _init_user_alloc                          - Undefined Weak Reference
    _initio                                   - Undefined Weak Reference
    _mutex_acquire                            - Undefined Weak Reference
    _mutex_release                            - Undefined Weak Reference
    _printf_post_padding                      - Undefined Weak Reference
    _printf_pre_padding                       - Undefined Weak Reference
    _printf_truncate_signed                   - Undefined Weak Reference
    _printf_truncate_unsigned                 - Undefined Weak Reference
    _rand_init                                - Undefined Weak Reference
    _signal_finish                            - Undefined Weak Reference
    _signal_init                              - Undefined Weak Reference
    _terminate_alloc                          - Undefined Weak Reference
    _terminate_user_alloc                     - Undefined Weak Reference
    _terminateio                              - Undefined Weak Reference
    __Vectors_Size                           0x00000130   Number         0  startup_stm32f10x_hd.o ABSOLUTE
    __Vectors                                0x08000000   Data           4  startup_stm32f10x_hd.o(RESET)
    __Vectors_End                            0x08000130   Data           0  startup_stm32f10x_hd.o(RESET)
    __main                                   0x08000131   Thumb Code     8  __main.o(!!!main)
    __scatterload                            0x08000139   Thumb Code     0  __scatter.o(!!!scatter)
    __scatterload_rt2                        0x08000139   Thumb Code    44  __scatter.o(!!!scatter)
    __scatterload_rt2_thumb_only             0x08000139   Thumb Code     0  __scatter.o(!!!scatter)
    __scatterload_null                       0x08000147   Thumb Code     0  __scatter.o(!!!scatter)
    __scatterload_copy                       0x0800016d   Thumb Code    26  __scatter_copy.o(!!handler_copy)
    __scatterload_zeroinit                   0x08000189   Thumb Code    28  __scatter_zi.o(!!handler_zi)
    _printf_f                                0x080001a5   Thumb Code     0  _printf_f.o(.ARM.Collect$$_printf_percent$$00000003)
    _printf_percent                          0x080001a5   Thumb Code     0  _printf_percent.o(.ARM.Collect$$_printf_percent$$00000000)
    _printf_d                                0x080001ab   Thumb Code     0  _printf_d.o(.ARM.Collect$$_printf_percent$$00000009)
    _printf_percent_end                      0x080001b1   Thumb Code     0  _printf_percent_end.o(.ARM.Collect$$_printf_percent$$00000017)
    __rt_lib_init                            0x080001b5   Thumb Code     0  libinit.o(.ARM.Collect$$libinit$$00000000)
    __rt_lib_init_fp_1                       0x080001b7   Thumb Code     0  libinit2.o(.ARM.Collect$$libinit$$00000002)
    __rt_lib_init_heap_1                     0x080001b7   Thumb Code     0  libinit2.o(.ARM.Collect$$libinit$$00000008)
    __rt_lib_init_lc_common                  0x080001b7   Thumb Code     0  libinit2.o(.ARM.Collect$$libinit$$0000000D)
    __rt_lib_init_rand_1                     0x080001b7   Thumb Code     0  libinit2.o(.ARM.Collect$$libinit$$0000000C)
    __rt_lib_init_user_alloc_1               0x080001b7   Thumb Code     0  libinit2.o(.ARM.Collect$$libinit$$0000000A)
    __rt_lib_init_lc_collate_1               0x080001bd   Thumb Code     0  libinit2.o(.ARM.Collect$$libinit$$0000000F)
    __rt_lib_init_lc_ctype_2                 0x080001bd   Thumb Code     0  libinit2.o(.ARM.Collect$$libinit$$00000010)
    __rt_lib_init_lc_ctype_1                 0x080001c9   Thumb Code     0  libinit2.o(.ARM.Collect$$libinit$$00000011)
    __rt_lib_init_lc_monetary_1              0x080001c9   Thumb Code     0  libinit2.o(.ARM.Collect$$libinit$$00000013)
    __rt_lib_init_lc_numeric_2               0x080001c9   Thumb Code     0  libinit2.o(.ARM.Collect$$libinit$$00000014)
    __rt_lib_init_alloca_1                   0x080001d3   Thumb Code     0  libinit2.o(.ARM.Collect$$libinit$$0000002C)
    __rt_lib_init_argv_1                     0x080001d3   Thumb Code     0  libinit2.o(.ARM.Collect$$libinit$$0000002A)
    __rt_lib_init_atexit_1                   0x080001d3   Thumb Code     0  libinit2.o(.ARM.Collect$$libinit$$00000019)
    __rt_lib_init_clock_1                    0x080001d3   Thumb Code     0  libinit2.o(.ARM.Collect$$libinit$$0000001F)
    __rt_lib_init_cpp_1                      0x080001d3   Thumb Code     0  libinit2.o(.ARM.Collect$$libinit$$00000030)
    __rt_lib_init_exceptions_1               0x080001d3   Thumb Code     0  libinit2.o(.ARM.Collect$$libinit$$0000002E)
    __rt_lib_init_fp_trap_1                  0x080001d3   Thumb Code     0  libinit2.o(.ARM.Collect$$libinit$$0000001D)
    __rt_lib_init_getenv_1                   0x080001d3   Thumb Code     0  libinit2.o(.ARM.Collect$$libinit$$00000021)
    __rt_lib_init_lc_numeric_1               0x080001d3   Thumb Code     0  libinit2.o(.ARM.Collect$$libinit$$00000015)
    __rt_lib_init_lc_time_1                  0x080001d3   Thumb Code     0  libinit2.o(.ARM.Collect$$libinit$$00000017)
    __rt_lib_init_return                     0x080001d3   Thumb Code     0  libinit2.o(.ARM.Collect$$libinit$$00000031)
    __rt_lib_init_signal_1                   0x080001d3   Thumb Code     0  libinit2.o(.ARM.Collect$$libinit$$0000001B)
    __rt_lib_init_stdio_1                    0x080001d3   Thumb Code     0  libinit2.o(.ARM.Collect$$libinit$$00000023)
    __rt_lib_shutdown                        0x080001d5   Thumb Code     0  libshutdown.o(.ARM.Collect$$libshutdown$$00000000)
    __rt_lib_shutdown_fp_trap_1              0x080001d7   Thumb Code     0  libshutdown2.o(.ARM.Collect$$libshutdown$$00000006)
    __rt_lib_shutdown_heap_1                 0x080001d7   Thumb Code     0  libshutdown2.o(.ARM.Collect$$libshutdown$$0000000E)
    __rt_lib_shutdown_return                 0x080001d7   Thumb Code     0  libshutdown2.o(.ARM.Collect$$libshutdown$$0000000F)
    __rt_lib_shutdown_signal_1               0x080001d7   Thumb Code     0  libshutdown2.o(.ARM.Collect$$libshutdown$$00000009)
    __rt_lib_shutdown_stdio_1                0x080001d7   Thumb Code     0  libshutdown2.o(.ARM.Collect$$libshutdown$$00000003)
    __rt_lib_shutdown_user_alloc_1           0x080001d7   Thumb Code     0  libshutdown2.o(.ARM.Collect$$libshutdown$$0000000B)
    __rt_entry                               0x080001d9   Thumb Code     0  rtentry.o(.ARM.Collect$$rtentry$$00000000)
    __rt_entry_presh_1                       0x080001d9   Thumb Code     0  rtentry2.o(.ARM.Collect$$rtentry$$00000002)
    __rt_entry_sh                            0x080001d9   Thumb Code     0  rtentry4.o(.ARM.Collect$$rtentry$$00000004)
    __rt_entry_li                            0x080001df   Thumb Code     0  rtentry2.o(.ARM.Collect$$rtentry$$0000000A)
    __rt_entry_postsh_1                      0x080001df   Thumb Code     0  rtentry2.o(.ARM.Collect$$rtentry$$00000009)
    __rt_entry_main                          0x080001e3   Thumb Code     0  rtentry2.o(.ARM.Collect$$rtentry$$0000000D)
    __rt_entry_postli_1                      0x080001e3   Thumb Code     0  rtentry2.o(.ARM.Collect$$rtentry$$0000000C)
    __rt_exit                                0x080001eb   Thumb Code     0  rtexit.o(.ARM.Collect$$rtexit$$00000000)
    __rt_exit_ls                             0x080001ed   Thumb Code     0  rtexit2.o(.ARM.Collect$$rtexit$$00000003)
    __rt_exit_prels_1                        0x080001ed   Thumb Code     0  rtexit2.o(.ARM.Collect$$rtexit$$00000002)
    __rt_exit_exit                           0x080001f1   Thumb Code     0  rtexit2.o(.ARM.Collect$$rtexit$$00000004)
    main                                     0x080001f9   Thumb Code   898  main.o(.text)
    NMI_Handler                              0x080005e1   Thumb Code     2  stm32f10x_it.o(.text)
    HardFault_Handler                        0x080005e3   Thumb Code     4  stm32f10x_it.o(.text)
    MemManage_Handler                        0x080005e7   Thumb Code     4  stm32f10x_it.o(.text)
    BusFault_Handler                         0x080005eb   Thumb Code     4  stm32f10x_it.o(.text)
    UsageFault_Handler                       0x080005ef   Thumb Code     4  stm32f10x_it.o(.text)
    SVC_Handler                              0x080005f3   Thumb Code     2  stm32f10x_it.o(.text)
    DebugMon_Handler                         0x080005f5   Thumb Code     2  stm32f10x_it.o(.text)
    PendSV_Handler                           0x080005f7   Thumb Code     2  stm32f10x_it.o(.text)
    SysTick_Handler                          0x080005f9   Thumb Code     2  stm32f10x_it.o(.text)
    SystemInit                               0x080006db   Thumb Code    78  system_stm32f10x.o(.text)
    SystemCoreClockUpdate                    0x08000729   Thumb Code   142  system_stm32f10x.o(.text)
    TIM_DeInit                               0x080007dd   Thumb Code   424  stm32f10x_tim.o(.text)
    TIM_TimeBaseInit                         0x08000985   Thumb Code   122  stm32f10x_tim.o(.text)
    TIM_OC1Init                              0x080009ff   Thumb Code   132  stm32f10x_tim.o(.text)
    TIM_OC2Init                              0x08000a83   Thumb Code   154  stm32f10x_tim.o(.text)
    TIM_OC3Init                              0x08000b1d   Thumb Code   150  stm32f10x_tim.o(.text)
    TIM_OC4Init                              0x08000bb3   Thumb Code   182  stm32f10x_tim.o(.text)
    TIM_SetIC4Prescaler                      0x08000c69   Thumb Code    26  stm32f10x_tim.o(.text)
    TIM_SetIC3Prescaler                      0x08000d05   Thumb Code    18  stm32f10x_tim.o(.text)
    TIM_SetIC2Prescaler                      0x08000d91   Thumb Code    26  stm32f10x_tim.o(.text)
    TIM_SetIC1Prescaler                      0x08000e2d   Thumb Code    18  stm32f10x_tim.o(.text)
    TIM_ICInit                               0x08000eab   Thumb Code   150  stm32f10x_tim.o(.text)
    TIM_PWMIConfig                           0x08000f41   Thumb Code   124  stm32f10x_tim.o(.text)
    TIM_BDTRConfig                           0x08000fbd   Thumb Code    32  stm32f10x_tim.o(.text)
    TIM_TimeBaseStructInit                   0x08000fdd   Thumb Code    18  stm32f10x_tim.o(.text)
    TIM_OCStructInit                         0x08000fef   Thumb Code    20  stm32f10x_tim.o(.text)
    TIM_ICStructInit                         0x08001003   Thumb Code    18  stm32f10x_tim.o(.text)
    TIM_BDTRStructInit                       0x08001015   Thumb Code    40  stm32f10x_tim.o(.text)
    TIM_Cmd                                  0x0800103d   Thumb Code    24  stm32f10x_tim.o(.text)
    TIM_CtrlPWMOutputs                       0x08001055   Thumb Code    30  stm32f10x_tim.o(.text)
    TIM_ITConfig                             0x08001073   Thumb Code    18  stm32f10x_tim.o(.text)
    TIM_GenerateEvent                        0x08001085   Thumb Code     4  stm32f10x_tim.o(.text)
    TIM_DMAConfig                            0x08001089   Thumb Code    10  stm32f10x_tim.o(.text)
    TIM_DMACmd                               0x08001093   Thumb Code    18  stm32f10x_tim.o(.text)
    TIM_InternalClockConfig                  0x080010a5   Thumb Code    12  stm32f10x_tim.o(.text)
    TIM_SelectInputTrigger                   0x080010b1   Thumb Code    18  stm32f10x_tim.o(.text)
    TIM_ITRxExternalClockConfig              0x080010c3   Thumb Code    24  stm32f10x_tim.o(.text)
    TIM_TIxExternalClockConfig               0x080010db   Thumb Code    62  stm32f10x_tim.o(.text)
    TIM_ETRConfig                            0x08001119   Thumb Code    28  stm32f10x_tim.o(.text)
    TIM_ETRClockMode1Config                  0x08001135   Thumb Code    54  stm32f10x_tim.o(.text)
    TIM_ETRClockMode2Config                  0x0800116b   Thumb Code    32  stm32f10x_tim.o(.text)
    TIM_PrescalerConfig                      0x0800118b   Thumb Code     6  stm32f10x_tim.o(.text)
    TIM_CounterModeConfig                    0x08001191   Thumb Code    18  stm32f10x_tim.o(.text)
    TIM_EncoderInterfaceConfig               0x080011a3   Thumb Code    66  stm32f10x_tim.o(.text)
    TIM_ForcedOC1Config                      0x080011e5   Thumb Code    18  stm32f10x_tim.o(.text)
    TIM_ForcedOC2Config                      0x080011f7   Thumb Code    26  stm32f10x_tim.o(.text)
    TIM_ForcedOC3Config                      0x08001211   Thumb Code    18  stm32f10x_tim.o(.text)
    TIM_ForcedOC4Config                      0x08001223   Thumb Code    26  stm32f10x_tim.o(.text)
    TIM_ARRPreloadConfig                     0x0800123d   Thumb Code    24  stm32f10x_tim.o(.text)
    TIM_SelectCOM                            0x08001255   Thumb Code    24  stm32f10x_tim.o(.text)
    TIM_SelectCCDMA                          0x0800126d   Thumb Code    24  stm32f10x_tim.o(.text)
    TIM_CCPreloadControl                     0x08001285   Thumb Code    24  stm32f10x_tim.o(.text)
    TIM_OC1PreloadConfig                     0x0800129d   Thumb Code    18  stm32f10x_tim.o(.text)
    TIM_OC2PreloadConfig                     0x080012af   Thumb Code    26  stm32f10x_tim.o(.text)
    TIM_OC3PreloadConfig                     0x080012c9   Thumb Code    18  stm32f10x_tim.o(.text)
    TIM_OC4PreloadConfig                     0x080012db   Thumb Code    26  stm32f10x_tim.o(.text)
    TIM_OC1FastConfig                        0x080012f5   Thumb Code    18  stm32f10x_tim.o(.text)
    TIM_OC2FastConfig                        0x08001307   Thumb Code    26  stm32f10x_tim.o(.text)
    TIM_OC3FastConfig                        0x08001321   Thumb Code    18  stm32f10x_tim.o(.text)
    TIM_OC4FastConfig                        0x08001333   Thumb Code    26  stm32f10x_tim.o(.text)
    TIM_ClearOC1Ref                          0x0800134d   Thumb Code    18  stm32f10x_tim.o(.text)
    TIM_ClearOC2Ref                          0x0800135f   Thumb Code    24  stm32f10x_tim.o(.text)
    TIM_ClearOC3Ref                          0x08001377   Thumb Code    18  stm32f10x_tim.o(.text)
    TIM_ClearOC4Ref                          0x08001389   Thumb Code    24  stm32f10x_tim.o(.text)
    TIM_OC1PolarityConfig                    0x080013a1   Thumb Code    18  stm32f10x_tim.o(.text)
    TIM_OC1NPolarityConfig                   0x080013b3   Thumb Code    18  stm32f10x_tim.o(.text)
    TIM_OC2PolarityConfig                    0x080013c5   Thumb Code    26  stm32f10x_tim.o(.text)
    TIM_OC2NPolarityConfig                   0x080013df   Thumb Code    26  stm32f10x_tim.o(.text)
    TIM_OC3PolarityConfig                    0x080013f9   Thumb Code    26  stm32f10x_tim.o(.text)
    TIM_OC3NPolarityConfig                   0x08001413   Thumb Code    26  stm32f10x_tim.o(.text)
    TIM_OC4PolarityConfig                    0x0800142d   Thumb Code    26  stm32f10x_tim.o(.text)
    TIM_CCxCmd                               0x08001447   Thumb Code    30  stm32f10x_tim.o(.text)
    TIM_CCxNCmd                              0x08001465   Thumb Code    30  stm32f10x_tim.o(.text)
    TIM_SelectOCxM                           0x08001483   Thumb Code    82  stm32f10x_tim.o(.text)
    TIM_UpdateDisableConfig                  0x080014d5   Thumb Code    24  stm32f10x_tim.o(.text)
    TIM_UpdateRequestConfig                  0x080014ed   Thumb Code    24  stm32f10x_tim.o(.text)
    TIM_SelectHallSensor                     0x08001505   Thumb Code    24  stm32f10x_tim.o(.text)
    TIM_SelectOnePulseMode                   0x0800151d   Thumb Code    18  stm32f10x_tim.o(.text)
    TIM_SelectOutputTrigger                  0x0800152f   Thumb Code    18  stm32f10x_tim.o(.text)
    TIM_SelectSlaveMode                      0x08001541   Thumb Code    18  stm32f10x_tim.o(.text)
    TIM_SelectMasterSlaveMode                0x08001553   Thumb Code    18  stm32f10x_tim.o(.text)
    TIM_SetCounter                           0x08001565   Thumb Code     4  stm32f10x_tim.o(.text)
    TIM_SetAutoreload                        0x08001569   Thumb Code     4  stm32f10x_tim.o(.text)
    TIM_SetCompare1                          0x0800156d   Thumb Code     4  stm32f10x_tim.o(.text)
    TIM_SetCompare2                          0x08001571   Thumb Code     4  stm32f10x_tim.o(.text)
    TIM_SetCompare3                          0x08001575   Thumb Code     4  stm32f10x_tim.o(.text)
    TIM_SetCompare4                          0x08001579   Thumb Code     6  stm32f10x_tim.o(.text)
    TIM_SetClockDivision                     0x0800157f   Thumb Code    18  stm32f10x_tim.o(.text)
    TIM_GetCapture1                          0x08001591   Thumb Code     6  stm32f10x_tim.o(.text)
    TIM_GetCapture2                          0x08001597   Thumb Code     6  stm32f10x_tim.o(.text)
    TIM_GetCapture3                          0x0800159d   Thumb Code     6  stm32f10x_tim.o(.text)
    TIM_GetCapture4                          0x080015a3   Thumb Code     8  stm32f10x_tim.o(.text)
    TIM_GetCounter                           0x080015ab   Thumb Code     6  stm32f10x_tim.o(.text)
    TIM_GetPrescaler                         0x080015b1   Thumb Code     6  stm32f10x_tim.o(.text)
    TIM_GetFlagStatus                        0x080015b7   Thumb Code    18  stm32f10x_tim.o(.text)
    TIM_ClearFlag                            0x080015c9   Thumb Code     6  stm32f10x_tim.o(.text)
    TIM_GetITStatus                          0x080015cf   Thumb Code    34  stm32f10x_tim.o(.text)
    TIM_ClearITPendingBit                    0x080015f1   Thumb Code     6  stm32f10x_tim.o(.text)
    LED_Init                                 0x080015f9   Thumb Code    72  led.o(.text)
    TIM3_PWM_Init                            0x08001649   Thumb Code   214  pwm.o(.text)
    TIM4_Cap_Init                            0x08001729   Thumb Code   118  hall.o(.text)
    TIM5_Int_Init                            0x0800179f   Thumb Code    90  hall.o(.text)
    TIM5_IRQHandler                          0x080017f9   Thumb Code    64  hall.o(.text)
    TIM4_IRQHandler                          0x08001839   Thumb Code    90  hall.o(.text)
    PID_init                                 0x080018b9   Thumb Code    68  pid.o(.text)
    PID_s_realize                            0x080018fd   Thumb Code   322  pid.o(.text)
    PID_realize                              0x08001a3f   Thumb Code   312  pid.o(.text)
    CH_SR04_Init                             0x08001bc9   Thumb Code    54  us.o(.text)
    TIM2_Cap_Init                            0x08001bff   Thumb Code   158  us.o(.text)
    Senor_Using                              0x08001c9d   Thumb Code   154  us.o(.text)
    TIM2_IRQHandler                          0x08001d37   Thumb Code   186  us.o(.text)
    delay_init                               0x08001e21   Thumb Code    50  delay.o(.text)
    delay_us                                 0x08001e53   Thumb Code    72  delay.o(.text)
    delay_ms                                 0x08001e9b   Thumb Code    72  delay.o(.text)
    _sys_exit                                0x08001ef5   Thumb Code     6  usart.o(.text)
    fputc                                    0x08001efb   Thumb Code    24  usart.o(.text)
    uart_init                                0x08001f13   Thumb Code   152  usart.o(.text)
    USART1_IRQHandler                        0x08001fab   Thumb Code   180  usart.o(.text)
    Reset_Handler                            0x0800207d   Thumb Code     8  startup_stm32f10x_hd.o(.text)
    ADC1_2_IRQHandler                        0x08002097   Thumb Code     0  startup_stm32f10x_hd.o(.text)
    ADC3_IRQHandler                          0x08002097   Thumb Code     0  startup_stm32f10x_hd.o(.text)
    CAN1_RX1_IRQHandler                      0x08002097   Thumb Code     0  startup_stm32f10x_hd.o(.text)
    CAN1_SCE_IRQHandler                      0x08002097   Thumb Code     0  startup_stm32f10x_hd.o(.text)
    DMA1_Channel1_IRQHandler                 0x08002097   Thumb Code     0  startup_stm32f10x_hd.o(.text)
    DMA1_Channel2_IRQHandler                 0x08002097   Thumb Code     0  startup_stm32f10x_hd.o(.text)
    DMA1_Channel3_IRQHandler                 0x08002097   Thumb Code     0  startup_stm32f10x_hd.o(.text)
    DMA1_Channel4_IRQHandler                 0x08002097   Thumb Code     0  startup_stm32f10x_hd.o(.text)
    DMA1_Channel5_IRQHandler                 0x08002097   Thumb Code     0  startup_stm32f10x_hd.o(.text)
    DMA1_Channel6_IRQHandler                 0x08002097   Thumb Code     0  startup_stm32f10x_hd.o(.text)
    DMA1_Channel7_IRQHandler                 0x08002097   Thumb Code     0  startup_stm32f10x_hd.o(.text)
    DMA2_Channel1_IRQHandler                 0x08002097   Thumb Code     0  startup_stm32f10x_hd.o(.text)
    DMA2_Channel2_IRQHandler                 0x08002097   Thumb Code     0  startup_stm32f10x_hd.o(.text)
    DMA2_Channel3_IRQHandler                 0x08002097   Thumb Code     0  startup_stm32f10x_hd.o(.text)
    DMA2_Channel4_5_IRQHandler               0x08002097   Thumb Code     0  startup_stm32f10x_hd.o(.text)
    EXTI0_IRQHandler                         0x08002097   Thumb Code     0  startup_stm32f10x_hd.o(.text)
    EXTI15_10_IRQHandler                     0x08002097   Thumb Code     0  startup_stm32f10x_hd.o(.text)
    EXTI1_IRQHandler                         0x08002097   Thumb Code     0  startup_stm32f10x_hd.o(.text)
    EXTI2_IRQHandler                         0x08002097   Thumb Code     0  startup_stm32f10x_hd.o(.text)
    EXTI3_IRQHandler                         0x08002097   Thumb Code     0  startup_stm32f10x_hd.o(.text)
    EXTI4_IRQHandler                         0x08002097   Thumb Code     0  startup_stm32f10x_hd.o(.text)
    EXTI9_5_IRQHandler                       0x08002097   Thumb Code     0  startup_stm32f10x_hd.o(.text)
    FLASH_IRQHandler                         0x08002097   Thumb Code     0  startup_stm32f10x_hd.o(.text)
    FSMC_IRQHandler                          0x08002097   Thumb Code     0  startup_stm32f10x_hd.o(.text)
    I2C1_ER_IRQHandler                       0x08002097   Thumb Code     0  startup_stm32f10x_hd.o(.text)
    I2C1_EV_IRQHandler                       0x08002097   Thumb Code     0  startup_stm32f10x_hd.o(.text)
    I2C2_ER_IRQHandler                       0x08002097   Thumb Code     0  startup_stm32f10x_hd.o(.text)
    I2C2_EV_IRQHandler                       0x08002097   Thumb Code     0  startup_stm32f10x_hd.o(.text)
    PVD_IRQHandler                           0x08002097   Thumb Code     0  startup_stm32f10x_hd.o(.text)
    RCC_IRQHandler                           0x08002097   Thumb Code     0  startup_stm32f10x_hd.o(.text)
    RTCAlarm_IRQHandler                      0x08002097   Thumb Code     0  startup_stm32f10x_hd.o(.text)
    RTC_IRQHandler                           0x08002097   Thumb Code     0  startup_stm32f10x_hd.o(.text)
    SDIO_IRQHandler                          0x08002097   Thumb Code     0  startup_stm32f10x_hd.o(.text)
    SPI1_IRQHandler                          0x08002097   Thumb Code     0  startup_stm32f10x_hd.o(.text)
    SPI2_IRQHandler                          0x08002097   Thumb Code     0  startup_stm32f10x_hd.o(.text)
    SPI3_IRQHandler                          0x08002097   Thumb Code     0  startup_stm32f10x_hd.o(.text)
    TAMPER_IRQHandler                        0x08002097   Thumb Code     0  startup_stm32f10x_hd.o(.text)
    TIM1_BRK_IRQHandler                      0x08002097   Thumb Code     0  startup_stm32f10x_hd.o(.text)
    TIM1_CC_IRQHandler                       0x08002097   Thumb Code     0  startup_stm32f10x_hd.o(.text)
    TIM1_TRG_COM_IRQHandler                  0x08002097   Thumb Code     0  startup_stm32f10x_hd.o(.text)
    TIM1_UP_IRQHandler                       0x08002097   Thumb Code     0  startup_stm32f10x_hd.o(.text)
    TIM3_IRQHandler                          0x08002097   Thumb Code     0  startup_stm32f10x_hd.o(.text)
    TIM6_IRQHandler                          0x08002097   Thumb Code     0  startup_stm32f10x_hd.o(.text)
    TIM7_IRQHandler                          0x08002097   Thumb Code     0  startup_stm32f10x_hd.o(.text)
    TIM8_BRK_IRQHandler                      0x08002097   Thumb Code     0  startup_stm32f10x_hd.o(.text)
    TIM8_CC_IRQHandler                       0x08002097   Thumb Code     0  startup_stm32f10x_hd.o(.text)
    TIM8_TRG_COM_IRQHandler                  0x08002097   Thumb Code     0  startup_stm32f10x_hd.o(.text)
    TIM8_UP_IRQHandler                       0x08002097   Thumb Code     0  startup_stm32f10x_hd.o(.text)
    UART4_IRQHandler                         0x08002097   Thumb Code     0  startup_stm32f10x_hd.o(.text)
    UART5_IRQHandler                         0x08002097   Thumb Code     0  startup_stm32f10x_hd.o(.text)
    USART2_IRQHandler                        0x08002097   Thumb Code     0  startup_stm32f10x_hd.o(.text)
    USART3_IRQHandler                        0x08002097   Thumb Code     0  startup_stm32f10x_hd.o(.text)
    USBWakeUp_IRQHandler                     0x08002097   Thumb Code     0  startup_stm32f10x_hd.o(.text)
    USB_HP_CAN1_TX_IRQHandler                0x08002097   Thumb Code     0  startup_stm32f10x_hd.o(.text)
    USB_LP_CAN1_RX0_IRQHandler               0x08002097   Thumb Code     0  startup_stm32f10x_hd.o(.text)
    WWDG_IRQHandler                          0x08002097   Thumb Code     0  startup_stm32f10x_hd.o(.text)
    __user_initial_stackheap                 0x08002099   Thumb Code     0  startup_stm32f10x_hd.o(.text)
    GPIO_DeInit                              0x080020bd   Thumb Code   172  stm32f10x_gpio.o(.text)
    GPIO_AFIODeInit                          0x08002169   Thumb Code    20  stm32f10x_gpio.o(.text)
    GPIO_Init                                0x0800217d   Thumb Code   278  stm32f10x_gpio.o(.text)
    GPIO_StructInit                          0x08002293   Thumb Code    16  stm32f10x_gpio.o(.text)
    GPIO_ReadInputDataBit                    0x080022a3   Thumb Code    18  stm32f10x_gpio.o(.text)
    GPIO_ReadInputData                       0x080022b5   Thumb Code     8  stm32f10x_gpio.o(.text)
    GPIO_ReadOutputDataBit                   0x080022bd   Thumb Code    18  stm32f10x_gpio.o(.text)
    GPIO_ReadOutputData                      0x080022cf   Thumb Code     8  stm32f10x_gpio.o(.text)
    GPIO_SetBits                             0x080022d7   Thumb Code     4  stm32f10x_gpio.o(.text)
    GPIO_ResetBits                           0x080022db   Thumb Code     4  stm32f10x_gpio.o(.text)
    GPIO_WriteBit                            0x080022df   Thumb Code    10  stm32f10x_gpio.o(.text)
    GPIO_Write                               0x080022e9   Thumb Code     4  stm32f10x_gpio.o(.text)
    GPIO_PinLockConfig                       0x080022ed   Thumb Code    18  stm32f10x_gpio.o(.text)
    GPIO_EventOutputConfig                   0x080022ff   Thumb Code    26  stm32f10x_gpio.o(.text)
    GPIO_EventOutputCmd                      0x08002319   Thumb Code     6  stm32f10x_gpio.o(.text)
    GPIO_PinRemapConfig                      0x0800231f   Thumb Code   138  stm32f10x_gpio.o(.text)
    GPIO_EXTILineConfig                      0x080023a9   Thumb Code    66  stm32f10x_gpio.o(.text)
    GPIO_ETH_MediaInterfaceConfig            0x080023eb   Thumb Code     8  stm32f10x_gpio.o(.text)
    RCC_DeInit                               0x08002419   Thumb Code    64  stm32f10x_rcc.o(.text)
    RCC_HSEConfig                            0x08002459   Thumb Code    70  stm32f10x_rcc.o(.text)
    RCC_GetFlagStatus                        0x0800249f   Thumb Code    56  stm32f10x_rcc.o(.text)
    RCC_WaitForHSEStartUp                    0x080024d7   Thumb Code    56  stm32f10x_rcc.o(.text)
    RCC_AdjustHSICalibrationValue            0x0800250f   Thumb Code    20  stm32f10x_rcc.o(.text)
    RCC_HSICmd                               0x08002523   Thumb Code     6  stm32f10x_rcc.o(.text)
    RCC_PLLConfig                            0x08002529   Thumb Code    24  stm32f10x_rcc.o(.text)
    RCC_PLLCmd                               0x08002541   Thumb Code     6  stm32f10x_rcc.o(.text)
    RCC_SYSCLKConfig                         0x08002547   Thumb Code    18  stm32f10x_rcc.o(.text)
    RCC_GetSYSCLKSource                      0x08002559   Thumb Code    10  stm32f10x_rcc.o(.text)
    RCC_HCLKConfig                           0x08002563   Thumb Code    18  stm32f10x_rcc.o(.text)
    RCC_PCLK1Config                          0x08002575   Thumb Code    18  stm32f10x_rcc.o(.text)
    RCC_PCLK2Config                          0x08002587   Thumb Code    20  stm32f10x_rcc.o(.text)
    RCC_ITConfig                             0x0800259b   Thumb Code    26  stm32f10x_rcc.o(.text)
    RCC_USBCLKConfig                         0x080025b5   Thumb Code     8  stm32f10x_rcc.o(.text)
    RCC_ADCCLKConfig                         0x080025bd   Thumb Code    18  stm32f10x_rcc.o(.text)
    RCC_LSEConfig                            0x080025cf   Thumb Code    50  stm32f10x_rcc.o(.text)
    RCC_LSICmd                               0x08002601   Thumb Code     6  stm32f10x_rcc.o(.text)
    RCC_RTCCLKConfig                         0x08002607   Thumb Code    12  stm32f10x_rcc.o(.text)
    RCC_RTCCLKCmd                            0x08002613   Thumb Code     8  stm32f10x_rcc.o(.text)
    RCC_GetClocksFreq                        0x0800261b   Thumb Code   192  stm32f10x_rcc.o(.text)
    RCC_AHBPeriphClockCmd                    0x080026db   Thumb Code    26  stm32f10x_rcc.o(.text)
    RCC_APB2PeriphClockCmd                   0x080026f5   Thumb Code    26  stm32f10x_rcc.o(.text)
    RCC_APB1PeriphClockCmd                   0x0800270f   Thumb Code    26  stm32f10x_rcc.o(.text)
    RCC_APB2PeriphResetCmd                   0x08002729   Thumb Code    26  stm32f10x_rcc.o(.text)
    RCC_APB1PeriphResetCmd                   0x08002743   Thumb Code    26  stm32f10x_rcc.o(.text)
    RCC_BackupResetCmd                       0x0800275d   Thumb Code     8  stm32f10x_rcc.o(.text)
    RCC_ClockSecuritySystemCmd               0x08002765   Thumb Code     6  stm32f10x_rcc.o(.text)
    RCC_MCOConfig                            0x0800276b   Thumb Code     6  stm32f10x_rcc.o(.text)
    RCC_ClearFlag                            0x08002771   Thumb Code    14  stm32f10x_rcc.o(.text)
    RCC_GetITStatus                          0x0800277f   Thumb Code    20  stm32f10x_rcc.o(.text)
    RCC_ClearITPendingBit                    0x08002793   Thumb Code     6  stm32f10x_rcc.o(.text)
    USART_DeInit                             0x080027bd   Thumb Code   134  stm32f10x_usart.o(.text)
    USART_Init                               0x08002843   Thumb Code   210  stm32f10x_usart.o(.text)
    USART_StructInit                         0x08002915   Thumb Code    24  stm32f10x_usart.o(.text)
    USART_ClockInit                          0x0800292d   Thumb Code    34  stm32f10x_usart.o(.text)
    USART_ClockStructInit                    0x0800294f   Thumb Code    12  stm32f10x_usart.o(.text)
    USART_Cmd                                0x0800295b   Thumb Code    24  stm32f10x_usart.o(.text)
    USART_ITConfig                           0x08002973   Thumb Code    74  stm32f10x_usart.o(.text)
    USART_DMACmd                             0x080029bd   Thumb Code    18  stm32f10x_usart.o(.text)
    USART_SetAddress                         0x080029cf   Thumb Code    18  stm32f10x_usart.o(.text)
    USART_WakeUpConfig                       0x080029e1   Thumb Code    18  stm32f10x_usart.o(.text)
    USART_ReceiverWakeUpCmd                  0x080029f3   Thumb Code    24  stm32f10x_usart.o(.text)
    USART_LINBreakDetectLengthConfig         0x08002a0b   Thumb Code    18  stm32f10x_usart.o(.text)
    USART_LINCmd                             0x08002a1d   Thumb Code    24  stm32f10x_usart.o(.text)
    USART_SendData                           0x08002a35   Thumb Code     8  stm32f10x_usart.o(.text)
    USART_ReceiveData                        0x08002a3d   Thumb Code    10  stm32f10x_usart.o(.text)
    USART_SendBreak                          0x08002a47   Thumb Code    10  stm32f10x_usart.o(.text)
    USART_SetGuardTime                       0x08002a51   Thumb Code    16  stm32f10x_usart.o(.text)
    USART_SetPrescaler                       0x08002a61   Thumb Code    16  stm32f10x_usart.o(.text)
    USART_SmartCardCmd                       0x08002a71   Thumb Code    24  stm32f10x_usart.o(.text)
    USART_SmartCardNACKCmd                   0x08002a89   Thumb Code    24  stm32f10x_usart.o(.text)
    USART_HalfDuplexCmd                      0x08002aa1   Thumb Code    24  stm32f10x_usart.o(.text)
    USART_OverSampling8Cmd                   0x08002ab9   Thumb Code    22  stm32f10x_usart.o(.text)
    USART_OneBitMethodCmd                    0x08002acf   Thumb Code    24  stm32f10x_usart.o(.text)
    USART_IrDAConfig                         0x08002ae7   Thumb Code    18  stm32f10x_usart.o(.text)
    USART_IrDACmd                            0x08002af9   Thumb Code    24  stm32f10x_usart.o(.text)
    USART_GetFlagStatus                      0x08002b11   Thumb Code    26  stm32f10x_usart.o(.text)
    USART_ClearFlag                          0x08002b2b   Thumb Code    18  stm32f10x_usart.o(.text)
    USART_GetITStatus                        0x08002b3d   Thumb Code    84  stm32f10x_usart.o(.text)
    USART_ClearITPendingBit                  0x08002b91   Thumb Code    52  stm32f10x_usart.o(.text)
    NVIC_PriorityGroupConfig                 0x08002bc5   Thumb Code    10  misc.o(.text)
    NVIC_Init                                0x08002bcf   Thumb Code   100  misc.o(.text)
    NVIC_SetVectorTable                      0x08002c33   Thumb Code    14  misc.o(.text)
    NVIC_SystemLPConfig                      0x08002c41   Thumb Code    34  misc.o(.text)
    SysTick_CLKSourceConfig                  0x08002c63   Thumb Code    40  misc.o(.text)
    __use_no_semihosting                     0x08002ca1   Thumb Code     2  use_no_semi_2.o(.text)
    __2printf                                0x08002ca5   Thumb Code    20  noretval__2printf.o(.text)
    _printf_int_dec                          0x08002cbd   Thumb Code   100  _printf_dec.o(.text)
    __printf                                 0x08002d31   Thumb Code   308  __printf_flags_wp.o(.text)
    strlen                                   0x08002e69   Thumb Code    62  strlen.o(.text)
    __aeabi_memcpy                           0x08002ea7   Thumb Code     0  rt_memcpy_v6.o(.text)
    __rt_memcpy                              0x08002ea7   Thumb Code   138  rt_memcpy_v6.o(.text)
    _memcpy_lastbytes                        0x08002f0d   Thumb Code     0  rt_memcpy_v6.o(.text)
    __aeabi_memclr                           0x08002f31   Thumb Code     0  rt_memclr.o(.text)
    __rt_memclr                              0x08002f31   Thumb Code    68  rt_memclr.o(.text)
    _memset                                  0x08002f35   Thumb Code     0  rt_memclr.o(.text)
    __use_two_region_memory                  0x08002f75   Thumb Code     2  heapauxi.o(.text)
    __rt_heap_escrow$2region                 0x08002f77   Thumb Code     2  heapauxi.o(.text)
    __rt_heap_expand$2region                 0x08002f79   Thumb Code     2  heapauxi.o(.text)
    __I$use$semihosting                      0x08002f7b   Thumb Code     0  use_no_semi.o(.text)
    __use_no_semihosting_swi                 0x08002f7b   Thumb Code     2  use_no_semi.o(.text)
    __read_errno                             0x08002f7d   Thumb Code    10  _rserrno.o(.text)
    __set_errno                              0x08002f87   Thumb Code    12  _rserrno.o(.text)
    _printf_int_common                       0x08002f93   Thumb Code   178  _printf_intcommon.o(.text)
    __lib_sel_fp_printf                      0x08003045   Thumb Code     2  _printf_fp_dec.o(.text)
    _printf_fp_dec_real                      0x080031f3   Thumb Code   616  _printf_fp_dec.o(.text)
    _printf_char_common                      0x08003467   Thumb Code    32  _printf_char_common.o(.text)
    _printf_char_file                        0x0800348d   Thumb Code    32  _printf_char_file.o(.text)
    __strtod_int                             0x080034ed   Thumb Code    88  strtod.o(.text)
    __aeabi_memcpy4                          0x08003551   Thumb Code     0  rt_memcpy_w.o(.text)
    __aeabi_memcpy8                          0x08003551   Thumb Code     0  rt_memcpy_w.o(.text)
    __rt_memcpy_w                            0x08003551   Thumb Code   100  rt_memcpy_w.o(.text)
    _memcpy_lastbytes_aligned                0x08003599   Thumb Code     0  rt_memcpy_w.o(.text)
    __aeabi_memclr4                          0x080035b5   Thumb Code     0  rt_memclr_w.o(.text)
    __aeabi_memclr8                          0x080035b5   Thumb Code     0  rt_memclr_w.o(.text)
    __rt_memclr_w                            0x080035b5   Thumb Code    78  rt_memclr_w.o(.text)
    _memset_w                                0x080035b9   Thumb Code     0  rt_memclr_w.o(.text)
    __rt_locale                              0x08003605   Thumb Code     8  rt_locale_intlibspace.o(.text)
    __aeabi_errno_addr                       0x0800360d   Thumb Code     8  rt_errno_addr_intlibspace.o(.text)
    __errno$intlibspace                      0x0800360d   Thumb Code     0  rt_errno_addr_intlibspace.o(.text)
    __rt_errno_addr$intlibspace              0x0800360d   Thumb Code     0  rt_errno_addr_intlibspace.o(.text)
    _ll_udiv10                               0x08003615   Thumb Code   138  lludiv10.o(.text)
    isspace                                  0x0800369f   Thumb Code    18  isspace.o(.text)
    _printf_fp_infnan                        0x080036b1   Thumb Code   112  _printf_fp_infnan.o(.text)
    _sgetc                                   0x08003731   Thumb Code    30  _sgetc.o(.text)
    _sbackspace                              0x0800374f   Thumb Code    34  _sgetc.o(.text)
    _btod_etento                             0x08003771   Thumb Code   212  bigflt0.o(.text)
    ferror                                   0x08003849   Thumb Code     8  ferror.o(.text)
    __user_libspace                          0x08003851   Thumb Code     8  libspace.o(.text)
    __user_perproc_libspace                  0x08003851   Thumb Code     0  libspace.o(.text)
    __user_perthread_libspace                0x08003851   Thumb Code     0  libspace.o(.text)
    __user_setup_stackheap                   0x08003859   Thumb Code    74  sys_stackheap_outer.o(.text)
    __rt_ctype_table                         0x080038a5   Thumb Code    16  rt_ctype_table.o(.text)
    _scanf_really_real                       0x08003ab1   Thumb Code   668  scanf_fp.o(.text)
    exit                                     0x08003d59   Thumb Code    12  exit.o(.text)
    strcmp                                   0x08003d65   Thumb Code   128  strcmpv7m.o(.text)
    _scanf_really_hex_real                   0x08003de5   Thumb Code   778  scanf_hexfp.o(.text)
    _scanf_really_infnan                     0x080040fd   Thumb Code   292  scanf_infnan.o(.text)
    __aeabi_llsl                             0x08004231   Thumb Code     0  llshl.o(.text)
    _ll_shift_l                              0x08004231   Thumb Code    38  llshl.o(.text)
    _chval                                   0x08004257   Thumb Code    28  _chval.o(.text)
    _btod_d2e                                0x08004273   Thumb Code    62  btod.o(CL$$btod_d2e)
    _d2e_denorm_low                          0x080042b1   Thumb Code    70  btod.o(CL$$btod_d2e_denorm_low)
    _d2e_norm_op1                            0x080042f7   Thumb Code    96  btod.o(CL$$btod_d2e_norm_op1)
    __btod_div_common                        0x08004357   Thumb Code   696  btod.o(CL$$btod_div_common)
    _e2d                                     0x08004691   Thumb Code    80  btod.o(CL$$btod_e2d)
    _e2e                                     0x080046e5   Thumb Code   198  btod.o(CL$$btod_e2e)
    _btod_ediv                               0x080047ab   Thumb Code    40  btod.o(CL$$btod_ediv)
    _btod_edivd                              0x080047d3   Thumb Code    40  btod.o(CL$$btod_edivd)
    _btod_emul                               0x080047fb   Thumb Code    40  btod.o(CL$$btod_emul)
    _btod_emuld                              0x08004823   Thumb Code    40  btod.o(CL$$btod_emuld)
    __btod_mult_common                       0x0800484b   Thumb Code   580  btod.o(CL$$btod_mult_common)
    __ARM_fpclassify                         0x08004a8f   Thumb Code    40  fpclassify.o(i.__ARM_fpclassify)
    __mathlib_dbl_underflow                  0x08004ab9   Thumb Code    10  dunder.o(i.__mathlib_dbl_underflow)
    __mathlib_narrow                         0x08004ac9   Thumb Code    16  narrow.o(i.__mathlib_narrow)
    __mathlib_tofloat                        0x08004ad9   Thumb Code   132  narrow.o(i.__mathlib_tofloat)
    __support_ldexp                          0x08004b61   Thumb Code    22  ldexp.o(i.__support_ldexp)
    _is_digit                                0x08004b77   Thumb Code    14  __printf_wp.o(i._is_digit)
    atof                                     0x08004b85   Thumb Code    42  atof.o(i.atof)
    frexp                                    0x08004bb1   Thumb Code    80  frexp.o(i.frexp)
    ldexp                                    0x08004c09   Thumb Code   126  ldexp.o(i.ldexp)
    _get_lc_numeric                          0x08004c89   Thumb Code    44  lc_numeric_c.o(locale$$code)
    _get_lc_ctype                            0x08004cb5   Thumb Code    44  lc_ctype_c.o(locale$$code)
    __aeabi_d2f                              0x08004ce1   Thumb Code     0  d2f.o(x$fpl$d2f)
    _d2f                                     0x08004ce1   Thumb Code    98  d2f.o(x$fpl$d2f)
    __aeabi_dadd                             0x08004d45   Thumb Code     0  daddsub_clz.o(x$fpl$dadd)
    _dadd                                    0x08004d45   Thumb Code   332  daddsub_clz.o(x$fpl$dadd)
    __fpl_dcheck_NaN1                        0x08004e95   Thumb Code    10  dcheck1.o(x$fpl$dcheck1)
    __fpl_dcmp_Inf                           0x08004ea5   Thumb Code    24  dcmpi.o(x$fpl$dcmpinf)
    __aeabi_cdcmpeq                          0x08004ebd   Thumb Code     0  deqf.o(x$fpl$deqf)
    _dcmpeq                                  0x08004ebd   Thumb Code   120  deqf.o(x$fpl$deqf)
    __aeabi_d2iz                             0x08004f35   Thumb Code     0  dfix.o(x$fpl$dfix)
    _dfix                                    0x08004f35   Thumb Code    94  dfix.o(x$fpl$dfix)
    __aeabi_i2d                              0x08004f93   Thumb Code     0  dflt_clz.o(x$fpl$dflt)
    _dflt                                    0x08004f93   Thumb Code    46  dflt_clz.o(x$fpl$dflt)
    __aeabi_cdcmple                          0x08004fc1   Thumb Code     0  dleqf.o(x$fpl$dleqf)
    _dcmple                                  0x08004fc1   Thumb Code   120  dleqf.o(x$fpl$dleqf)
    __fpl_dcmple_InfNaN                      0x08005023   Thumb Code     0  dleqf.o(x$fpl$dleqf)
    __aeabi_dmul                             0x08005039   Thumb Code     0  dmul.o(x$fpl$dmul)
    _dmul                                    0x08005039   Thumb Code   332  dmul.o(x$fpl$dmul)
    __fpl_dnaninf                            0x0800518d   Thumb Code   156  dnaninf.o(x$fpl$dnaninf)
    __fpl_dretinf                            0x08005229   Thumb Code    12  dretinf.o(x$fpl$dretinf)
    __aeabi_cdrcmple                         0x08005235   Thumb Code     0  drleqf.o(x$fpl$drleqf)
    _drcmple                                 0x08005235   Thumb Code   108  drleqf.o(x$fpl$drleqf)
    __aeabi_dsub                             0x080052a1   Thumb Code     0  daddsub_clz.o(x$fpl$dsub)
    _dsub                                    0x080052a1   Thumb Code   464  daddsub_clz.o(x$fpl$dsub)
    __aeabi_f2d                              0x08005475   Thumb Code     0  f2d.o(x$fpl$f2d)
    _f2d                                     0x08005475   Thumb Code    86  f2d.o(x$fpl$f2d)
    __aeabi_fadd                             0x080054cd   Thumb Code     0  faddsub_clz.o(x$fpl$fadd)
    _fadd                                    0x080054cd   Thumb Code   196  faddsub_clz.o(x$fpl$fadd)
    __fpl_fcmp_Inf                           0x08005591   Thumb Code    24  fcmpi.o(x$fpl$fcmpinf)
    __aeabi_fdiv                             0x080055a9   Thumb Code     0  fdiv.o(x$fpl$fdiv)
    _fdiv                                    0x080055a9   Thumb Code   384  fdiv.o(x$fpl$fdiv)
    __aeabi_cfcmpeq                          0x0800572d   Thumb Code     0  feqf.o(x$fpl$feqf)
    _fcmpeq                                  0x0800572d   Thumb Code   104  feqf.o(x$fpl$feqf)
    __aeabi_f2iz                             0x08005795   Thumb Code     0  ffix.o(x$fpl$ffix)
    _ffix                                    0x08005795   Thumb Code    54  ffix.o(x$fpl$ffix)
    __aeabi_f2uiz                            0x080057cd   Thumb Code     0  ffixu.o(x$fpl$ffixu)
    _ffixu                                   0x080057cd   Thumb Code    62  ffixu.o(x$fpl$ffixu)
    __aeabi_i2f                              0x0800580d   Thumb Code     0  fflt_clz.o(x$fpl$fflt)
    _fflt                                    0x0800580d   Thumb Code    48  fflt_clz.o(x$fpl$fflt)
    __aeabi_ui2f                             0x0800583d   Thumb Code     0  fflt_clz.o(x$fpl$ffltu)
    _ffltu                                   0x0800583d   Thumb Code    38  fflt_clz.o(x$fpl$ffltu)
    __aeabi_cfcmple                          0x08005865   Thumb Code     0  fleqf.o(x$fpl$fleqf)
    _fcmple                                  0x08005865   Thumb Code   104  fleqf.o(x$fpl$fleqf)
    __fpl_fcmple_InfNaN                      0x080058b7   Thumb Code     0  fleqf.o(x$fpl$fleqf)
    __aeabi_fmul                             0x080058cd   Thumb Code     0  fmul.o(x$fpl$fmul)
    _fmul                                    0x080058cd   Thumb Code   258  fmul.o(x$fpl$fmul)
    __fpl_fnaninf                            0x080059cf   Thumb Code   140  fnaninf.o(x$fpl$fnaninf)
    __fpl_fretinf                            0x08005a5b   Thumb Code    10  fretinf.o(x$fpl$fretinf)
    __aeabi_cfrcmple                         0x08005a65   Thumb Code     0  frleqf.o(x$fpl$frleqf)
    _frcmple                                 0x08005a65   Thumb Code    98  frleqf.o(x$fpl$frleqf)
    __aeabi_frsub                            0x08005ac7   Thumb Code     0  faddsub_clz.o(x$fpl$frsb)
    _frsb                                    0x08005ac7   Thumb Code    20  faddsub_clz.o(x$fpl$frsb)
    __aeabi_fsub                             0x08005add   Thumb Code     0  faddsub_clz.o(x$fpl$fsub)
    _fsub                                    0x08005add   Thumb Code   234  faddsub_clz.o(x$fpl$fsub)
    _printf_fp_dec                           0x08005bc7   Thumb Code     4  printf1.o(x$fpl$printf1)
    __fpl_return_NaN                         0x08005bcb   Thumb Code   100  retnan.o(x$fpl$retnan)
    __ARM_scalbn                             0x08005c2f   Thumb Code    92  scalbn.o(x$fpl$scalbn)
    _scanf_real                              0x08005c8b   Thumb Code     4  scanf1.o(x$fpl$scanf1)
    _scanf_hex_real                          0x08005c8f   Thumb Code     4  scanf2.o(x$fpl$scanf2)
    _scanf_infnan                            0x08005c93   Thumb Code     4  scanf2.o(x$fpl$scanf2)
    __fpl_cmpreturn                          0x08005c97   Thumb Code    48  trapv.o(x$fpl$trapveneer)
    __I$use$fp                               0x08005cc6   Number         0  usenofp.o(x$fpl$usenofp)
    Region$$Table$$Base                      0x08005d6c   Number         0  anon$$obj.o(Region$$Table)
    Region$$Table$$Limit                     0x08005d8c   Number         0  anon$$obj.o(Region$$Table)
    __aeabi_HUGE_VAL                         0x08005d8c   Data           0  fpconst.o(c$$dinf)
    __aeabi_HUGE_VALL                        0x08005d8c   Data           0  fpconst.o(c$$dinf)
    __aeabi_INFINITY                         0x08005d8c   Data           0  fpconst.o(c$$dinf)
    __dInf                                   0x08005d8c   Data           0  fpconst.o(c$$dinf)
    __huge_val                               0x08005d8c   Data           0  fpconst.o(c$$dinf)
    __ctype                                  0x08005dbd   Data           0  lc_ctype_c.o(locale$$data)
    SystemCoreClock                          0x20000000   Data           4  system_stm32f10x.o(.data)
    AHBPrescTable                            0x20000004   Data          16  system_stm32f10x.o(.data)
    TIM4CH1_CAPTURE_STA                      0x20000014   Data           1  hall.o(.data)
    hall_speed                               0x20000018   Data           4  hall.o(.data)
    counts                                   0x2000001c   Data           4  hall.o(.data)
    timess                                   0x20000020   Data           4  hall.o(.data)
    duration                                 0x20000024   Data           4  hall.o(.data)
    distance                                 0x20000028   Data           4  hall.o(.data)
    overcount                                0x2000002c   Data           4  us.o(.data)
    TIM2CH1_CAPTURE_STA                      0x20000030   Data           1  us.o(.data)
    TIM2CH1_CAPTURE_VAL                      0x20000032   Data           2  us.o(.data)
    __stdout                                 0x20000038   Data           4  usart.o(.data)
    USART_RX_STA                             0x2000003c   Data           2  usart.o(.data)
    len_s                                    0x2000003e   Data           1  usart.o(.data)
    TIM4_ICInitStructure                     0x20000054   Data          10  hall.o(.bss)
    pid                                      0x20000060   Data          52  pid.o(.bss)
    pid_s                                    0x20000094   Data          52  pid.o(.bss)
    TIM2_ICInitStructure                     0x200000c8   Data          10  us.o(.bss)
    USART_RX_BUF                             0x200000d2   Data         200  usart.o(.bss)
    speed                                    0x2000019a   Data          10  usart.o(.bss)
    angle                                    0x200001a4   Data          10  usart.o(.bss)
    __libspace_start                         0x200001b0   Data          96  libspace.o(.bss)
    __temporary_stack_top$libspace           0x20000210   Data           0  libspace.o(.bss)



==============================================================================

Memory Map of the image

  Image Entry point : 0x08000131

  Load Region LR_IROM1 (Base: 0x08000000, Size: 0x00005f14, Max: 0x00040000, ABSOLUTE)

    Execution Region ER_IROM1 (Base: 0x08000000, Size: 0x00005ec0, Max: 0x00040000, ABSOLUTE)

    Base Addr    Size         Type   Attr      Idx    E Section Name        Object

    0x08000000   0x00000130   Data   RO          524    RESET               startup_stm32f10x_hd.o
    0x08000130   0x00000008   Code   RO          626  * !!!main             c_w.l(__main.o)
    0x08000138   0x00000034   Code   RO          993    !!!scatter          c_w.l(__scatter.o)
    0x0800016c   0x0000001a   Code   RO          995    !!handler_copy      c_w.l(__scatter_copy.o)
    0x08000186   0x00000002   PAD
    0x08000188   0x0000001c   Code   RO          997    !!handler_zi        c_w.l(__scatter_zi.o)
    0x080001a4   0x00000000   Code   RO          617    .ARM.Collect$$_printf_percent$$00000000  c_w.l(_printf_percent.o)
    0x080001a4   0x00000006   Code   RO          616    .ARM.Collect$$_printf_percent$$00000003  c_w.l(_printf_f.o)
    0x080001aa   0x00000006   Code   RO          615    .ARM.Collect$$_printf_percent$$00000009  c_w.l(_printf_d.o)
    0x080001b0   0x00000004   Code   RO          707    .ARM.Collect$$_printf_percent$$00000017  c_w.l(_printf_percent_end.o)
    0x080001b4   0x00000002   Code   RO          818    .ARM.Collect$$libinit$$00000000  c_w.l(libinit.o)
    0x080001b6   0x00000000   Code   RO          820    .ARM.Collect$$libinit$$00000002  c_w.l(libinit2.o)
    0x080001b6   0x00000000   Code   RO          823    .ARM.Collect$$libinit$$00000008  c_w.l(libinit2.o)
    0x080001b6   0x00000000   Code   RO          825    .ARM.Collect$$libinit$$0000000A  c_w.l(libinit2.o)
    0x080001b6   0x00000000   Code   RO          827    .ARM.Collect$$libinit$$0000000C  c_w.l(libinit2.o)
    0x080001b6   0x00000006   Code   RO          828    .ARM.Collect$$libinit$$0000000D  c_w.l(libinit2.o)
    0x080001bc   0x00000000   Code   RO          830    .ARM.Collect$$libinit$$0000000F  c_w.l(libinit2.o)
    0x080001bc   0x0000000c   Code   RO          831    .ARM.Collect$$libinit$$00000010  c_w.l(libinit2.o)
    0x080001c8   0x00000000   Code   RO          832    .ARM.Collect$$libinit$$00000011  c_w.l(libinit2.o)
    0x080001c8   0x00000000   Code   RO          834    .ARM.Collect$$libinit$$00000013  c_w.l(libinit2.o)
    0x080001c8   0x0000000a   Code   RO          835    .ARM.Collect$$libinit$$00000014  c_w.l(libinit2.o)
    0x080001d2   0x00000000   Code   RO          836    .ARM.Collect$$libinit$$00000015  c_w.l(libinit2.o)
    0x080001d2   0x00000000   Code   RO          838    .ARM.Collect$$libinit$$00000017  c_w.l(libinit2.o)
    0x080001d2   0x00000000   Code   RO          840    .ARM.Collect$$libinit$$00000019  c_w.l(libinit2.o)
    0x080001d2   0x00000000   Code   RO          842    .ARM.Collect$$libinit$$0000001B  c_w.l(libinit2.o)
    0x080001d2   0x00000000   Code   RO          844    .ARM.Collect$$libinit$$0000001D  c_w.l(libinit2.o)
    0x080001d2   0x00000000   Code   RO          846    .ARM.Collect$$libinit$$0000001F  c_w.l(libinit2.o)
    0x080001d2   0x00000000   Code   RO          848    .ARM.Collect$$libinit$$00000021  c_w.l(libinit2.o)
    0x080001d2   0x00000000   Code   RO          850    .ARM.Collect$$libinit$$00000023  c_w.l(libinit2.o)
    0x080001d2   0x00000000   Code   RO          854    .ARM.Collect$$libinit$$0000002A  c_w.l(libinit2.o)
    0x080001d2   0x00000000   Code   RO          856    .ARM.Collect$$libinit$$0000002C  c_w.l(libinit2.o)
    0x080001d2   0x00000000   Code   RO          858    .ARM.Collect$$libinit$$0000002E  c_w.l(libinit2.o)
    0x080001d2   0x00000000   Code   RO          860    .ARM.Collect$$libinit$$00000030  c_w.l(libinit2.o)
    0x080001d2   0x00000002   Code   RO          861    .ARM.Collect$$libinit$$00000031  c_w.l(libinit2.o)
    0x080001d4   0x00000002   Code   RO          921    .ARM.Collect$$libshutdown$$00000000  c_w.l(libshutdown.o)
    0x080001d6   0x00000000   Code   RO          945    .ARM.Collect$$libshutdown$$00000003  c_w.l(libshutdown2.o)
    0x080001d6   0x00000000   Code   RO          948    .ARM.Collect$$libshutdown$$00000006  c_w.l(libshutdown2.o)
    0x080001d6   0x00000000   Code   RO          951    .ARM.Collect$$libshutdown$$00000009  c_w.l(libshutdown2.o)
    0x080001d6   0x00000000   Code   RO          953    .ARM.Collect$$libshutdown$$0000000B  c_w.l(libshutdown2.o)
    0x080001d6   0x00000000   Code   RO          956    .ARM.Collect$$libshutdown$$0000000E  c_w.l(libshutdown2.o)
    0x080001d6   0x00000002   Code   RO          957    .ARM.Collect$$libshutdown$$0000000F  c_w.l(libshutdown2.o)
    0x080001d8   0x00000000   Code   RO          694    .ARM.Collect$$rtentry$$00000000  c_w.l(rtentry.o)
    0x080001d8   0x00000000   Code   RO          728    .ARM.Collect$$rtentry$$00000002  c_w.l(rtentry2.o)
    0x080001d8   0x00000006   Code   RO          740    .ARM.Collect$$rtentry$$00000004  c_w.l(rtentry4.o)
    0x080001de   0x00000000   Code   RO          730    .ARM.Collect$$rtentry$$00000009  c_w.l(rtentry2.o)
    0x080001de   0x00000004   Code   RO          731    .ARM.Collect$$rtentry$$0000000A  c_w.l(rtentry2.o)
    0x080001e2   0x00000000   Code   RO          733    .ARM.Collect$$rtentry$$0000000C  c_w.l(rtentry2.o)
    0x080001e2   0x00000008   Code   RO          734    .ARM.Collect$$rtentry$$0000000D  c_w.l(rtentry2.o)
    0x080001ea   0x00000002   Code   RO          862    .ARM.Collect$$rtexit$$00000000  c_w.l(rtexit.o)
    0x080001ec   0x00000000   Code   RO          887    .ARM.Collect$$rtexit$$00000002  c_w.l(rtexit2.o)
    0x080001ec   0x00000004   Code   RO          888    .ARM.Collect$$rtexit$$00000003  c_w.l(rtexit2.o)
    0x080001f0   0x00000006   Code   RO          889    .ARM.Collect$$rtexit$$00000004  c_w.l(rtexit2.o)
    0x080001f6   0x00000002   PAD
    0x080001f8   0x000003e8   Code   RO            1    .text               main.o
    0x080005e0   0x0000001a   Code   RO          144    .text               stm32f10x_it.o
    0x080005fa   0x00000002   PAD
    0x080005fc   0x000001e0   Code   RO          242    .text               system_stm32f10x.o
    0x080007dc   0x00000e1a   Code   RO          260    .text               stm32f10x_tim.o
    0x080015f6   0x00000002   PAD
    0x080015f8   0x00000050   Code   RO          298    .text               led.o
    0x08001648   0x000000e0   Code   RO          370    .text               pwm.o
    0x08001728   0x00000190   Code   RO          385    .text               hall.o
    0x080018b8   0x00000310   Code   RO          404    .text               pid.o
    0x08001bc8   0x00000258   Code   RO          427    .text               us.o
    0x08001e20   0x000000d4   Code   RO          446    .text               delay.o
    0x08001ef4   0x00000188   Code   RO          477    .text               usart.o
    0x0800207c   0x00000040   Code   RO          525    .text               startup_stm32f10x_hd.o
    0x080020bc   0x0000035c   Code   RO          529    .text               stm32f10x_gpio.o
    0x08002418   0x000003a4   Code   RO          541    .text               stm32f10x_rcc.o
    0x080027bc   0x00000408   Code   RO          555    .text               stm32f10x_usart.o
    0x08002bc4   0x000000dc   Code   RO          567    .text               misc.o
    0x08002ca0   0x00000002   Code   RO          581    .text               c_w.l(use_no_semi_2.o)
    0x08002ca2   0x00000002   PAD
    0x08002ca4   0x00000018   Code   RO          587    .text               c_w.l(noretval__2printf.o)
    0x08002cbc   0x00000074   Code   RO          593    .text               c_w.l(_printf_dec.o)
    0x08002d30   0x00000138   Code   RO          607    .text               c_w.l(__printf_flags_wp.o)
    0x08002e68   0x0000003e   Code   RO          618    .text               c_w.l(strlen.o)
    0x08002ea6   0x0000008a   Code   RO          620    .text               c_w.l(rt_memcpy_v6.o)
    0x08002f30   0x00000044   Code   RO          622    .text               c_w.l(rt_memclr.o)
    0x08002f74   0x00000006   Code   RO          624    .text               c_w.l(heapauxi.o)
    0x08002f7a   0x00000002   Code   RO          692    .text               c_w.l(use_no_semi.o)
    0x08002f7c   0x00000016   Code   RO          695    .text               c_w.l(_rserrno.o)
    0x08002f92   0x000000b2   Code   RO          697    .text               c_w.l(_printf_intcommon.o)
    0x08003044   0x00000416   Code   RO          699    .text               c_w.l(_printf_fp_dec.o)
    0x0800345a   0x00000002   PAD
    0x0800345c   0x00000030   Code   RO          701    .text               c_w.l(_printf_char_common.o)
    0x0800348c   0x00000024   Code   RO          705    .text               c_w.l(_printf_char_file.o)
    0x080034b0   0x000000a0   Code   RO          708    .text               c_w.l(strtod.o)
    0x08003550   0x00000064   Code   RO          710    .text               c_w.l(rt_memcpy_w.o)
    0x080035b4   0x0000004e   Code   RO          712    .text               c_w.l(rt_memclr_w.o)
    0x08003602   0x00000002   PAD
    0x08003604   0x00000008   Code   RO          745    .text               c_w.l(rt_locale_intlibspace.o)
    0x0800360c   0x00000008   Code   RO          750    .text               c_w.l(rt_errno_addr_intlibspace.o)
    0x08003614   0x0000008a   Code   RO          752    .text               c_w.l(lludiv10.o)
    0x0800369e   0x00000012   Code   RO          754    .text               c_w.l(isspace.o)
    0x080036b0   0x00000080   Code   RO          756    .text               c_w.l(_printf_fp_infnan.o)
    0x08003730   0x00000040   Code   RO          760    .text               c_w.l(_sgetc.o)
    0x08003770   0x000000d8   Code   RO          762    .text               c_w.l(bigflt0.o)
    0x08003848   0x00000008   Code   RO          787    .text               c_w.l(ferror.o)
    0x08003850   0x00000008   Code   RO          800    .text               c_w.l(libspace.o)
    0x08003858   0x0000004a   Code   RO          803    .text               c_w.l(sys_stackheap_outer.o)
    0x080038a2   0x00000002   PAD
    0x080038a4   0x00000010   Code   RO          805    .text               c_w.l(rt_ctype_table.o)
    0x080038b4   0x000004a4   Code   RO          807    .text               c_w.l(scanf_fp.o)
    0x08003d58   0x0000000c   Code   RO          809    .text               c_w.l(exit.o)
    0x08003d64   0x00000080   Code   RO          811    .text               c_w.l(strcmpv7m.o)
    0x08003de4   0x00000318   Code   RO          893    .text               c_w.l(scanf_hexfp.o)
    0x080040fc   0x00000134   Code   RO          895    .text               c_w.l(scanf_infnan.o)
    0x08004230   0x00000026   Code   RO          911    .text               c_w.l(llshl.o)
    0x08004256   0x0000001c   Code   RO          913    .text               c_w.l(_chval.o)
    0x08004272   0x0000003e   Code   RO          765    CL$$btod_d2e        c_w.l(btod.o)
    0x080042b0   0x00000046   Code   RO          767    CL$$btod_d2e_denorm_low  c_w.l(btod.o)
    0x080042f6   0x00000060   Code   RO          766    CL$$btod_d2e_norm_op1  c_w.l(btod.o)
    0x08004356   0x00000338   Code   RO          775    CL$$btod_div_common  c_w.l(btod.o)
    0x0800468e   0x00000002   PAD
    0x08004690   0x00000054   Code   RO          773    CL$$btod_e2d        c_w.l(btod.o)
    0x080046e4   0x000000c6   Code   RO          772    CL$$btod_e2e        c_w.l(btod.o)
    0x080047aa   0x00000028   Code   RO          769    CL$$btod_ediv       c_w.l(btod.o)
    0x080047d2   0x00000028   Code   RO          771    CL$$btod_edivd      c_w.l(btod.o)
    0x080047fa   0x00000028   Code   RO          768    CL$$btod_emul       c_w.l(btod.o)
    0x08004822   0x00000028   Code   RO          770    CL$$btod_emuld      c_w.l(btod.o)
    0x0800484a   0x00000244   Code   RO          774    CL$$btod_mult_common  c_w.l(btod.o)
    0x08004a8e   0x00000028   Code   RO          798    i.__ARM_fpclassify  m_ws.l(fpclassify.o)
    0x08004ab6   0x00000002   PAD
    0x08004ab8   0x00000010   Code   RO          960    i.__mathlib_dbl_underflow  m_ws.l(dunder.o)
    0x08004ac8   0x00000010   Code   RO          880    i.__mathlib_narrow  m_ws.l(narrow.o)
    0x08004ad8   0x00000088   Code   RO          881    i.__mathlib_tofloat  m_ws.l(narrow.o)
    0x08004b60   0x00000016   Code   RO          925    i.__support_ldexp   m_ws.l(ldexp.o)
    0x08004b76   0x0000000e   Code   RO          605    i._is_digit         c_w.l(__printf_wp.o)
    0x08004b84   0x0000002a   Code   RO          689    i.atof              m_ws.l(atof.o)
    0x08004bae   0x00000002   PAD
    0x08004bb0   0x00000058   Code   RO          904    i.frexp             m_ws.l(frexp.o)
    0x08004c08   0x0000007e   Code   RO          926    i.ldexp             m_ws.l(ldexp.o)
    0x08004c86   0x00000002   PAD
    0x08004c88   0x0000002c   Code   RO          792    locale$$code        c_w.l(lc_numeric_c.o)
    0x08004cb4   0x0000002c   Code   RO          865    locale$$code        c_w.l(lc_ctype_c.o)
    0x08004ce0   0x00000062   Code   RO          628    x$fpl$d2f           fz_ws.l(d2f.o)
    0x08004d42   0x00000002   PAD
    0x08004d44   0x00000150   Code   RO          630    x$fpl$dadd          fz_ws.l(daddsub_clz.o)
    0x08004e94   0x00000010   Code   RO          958    x$fpl$dcheck1       fz_ws.l(dcheck1.o)
    0x08004ea4   0x00000018   Code   RO          714    x$fpl$dcmpinf       fz_ws.l(dcmpi.o)
    0x08004ebc   0x00000078   Code   RO          901    x$fpl$deqf          fz_ws.l(deqf.o)
    0x08004f34   0x0000005e   Code   RO          636    x$fpl$dfix          fz_ws.l(dfix.o)
    0x08004f92   0x0000002e   Code   RO          641    x$fpl$dflt          fz_ws.l(dflt_clz.o)
    0x08004fc0   0x00000078   Code   RO          646    x$fpl$dleqf         fz_ws.l(dleqf.o)
    0x08005038   0x00000154   Code   RO          648    x$fpl$dmul          fz_ws.l(dmul.o)
    0x0800518c   0x0000009c   Code   RO          716    x$fpl$dnaninf       fz_ws.l(dnaninf.o)
    0x08005228   0x0000000c   Code   RO          718    x$fpl$dretinf       fz_ws.l(dretinf.o)
    0x08005234   0x0000006c   Code   RO          650    x$fpl$drleqf        fz_ws.l(drleqf.o)
    0x080052a0   0x000001d4   Code   RO          632    x$fpl$dsub          fz_ws.l(daddsub_clz.o)
    0x08005474   0x00000056   Code   RO          652    x$fpl$f2d           fz_ws.l(f2d.o)
    0x080054ca   0x00000002   PAD
    0x080054cc   0x000000c4   Code   RO          654    x$fpl$fadd          fz_ws.l(faddsub_clz.o)
    0x08005590   0x00000018   Code   RO          720    x$fpl$fcmpinf       fz_ws.l(fcmpi.o)
    0x080055a8   0x00000184   Code   RO          661    x$fpl$fdiv          fz_ws.l(fdiv.o)
    0x0800572c   0x00000068   Code   RO          664    x$fpl$feqf          fz_ws.l(feqf.o)
    0x08005794   0x00000036   Code   RO          666    x$fpl$ffix          fz_ws.l(ffix.o)
    0x080057ca   0x00000002   PAD
    0x080057cc   0x0000003e   Code   RO          670    x$fpl$ffixu         fz_ws.l(ffixu.o)
    0x0800580a   0x00000002   PAD
    0x0800580c   0x00000030   Code   RO          675    x$fpl$fflt          fz_ws.l(fflt_clz.o)
    0x0800583c   0x00000026   Code   RO          674    x$fpl$ffltu         fz_ws.l(fflt_clz.o)
    0x08005862   0x00000002   PAD
    0x08005864   0x00000068   Code   RO          680    x$fpl$fleqf         fz_ws.l(fleqf.o)
    0x080058cc   0x00000102   Code   RO          682    x$fpl$fmul          fz_ws.l(fmul.o)
    0x080059ce   0x0000008c   Code   RO          722    x$fpl$fnaninf       fz_ws.l(fnaninf.o)
    0x08005a5a   0x0000000a   Code   RO          724    x$fpl$fretinf       fz_ws.l(fretinf.o)
    0x08005a64   0x00000062   Code   RO          684    x$fpl$frleqf        fz_ws.l(frleqf.o)
    0x08005ac6   0x00000014   Code   RO          655    x$fpl$frsb          fz_ws.l(faddsub_clz.o)
    0x08005ada   0x00000002   PAD
    0x08005adc   0x000000ea   Code   RO          656    x$fpl$fsub          fz_ws.l(faddsub_clz.o)
    0x08005bc6   0x00000004   Code   RO          686    x$fpl$printf1       fz_ws.l(printf1.o)
    0x08005bca   0x00000064   Code   RO          967    x$fpl$retnan        fz_ws.l(retnan.o)
    0x08005c2e   0x0000005c   Code   RO          922    x$fpl$scalbn        fz_ws.l(scalbn.o)
    0x08005c8a   0x00000004   Code   RO          796    x$fpl$scanf1        fz_ws.l(scanf1.o)
    0x08005c8e   0x00000008   Code   RO          874    x$fpl$scanf2        fz_ws.l(scanf2.o)
    0x08005c96   0x00000030   Code   RO          973    x$fpl$trapveneer    fz_ws.l(trapv.o)
    0x08005cc6   0x00000000   Code   RO          726    x$fpl$usenofp       fz_ws.l(usenofp.o)
    0x08005cc6   0x00000011   Data   RO          608    .constdata          c_w.l(__printf_flags_wp.o)
    0x08005cd7   0x00000001   PAD
    0x08005cd8   0x00000094   Data   RO          763    .constdata          c_w.l(bigflt0.o)
    0x08005d6c   0x00000020   Data   RO          991    Region$$Table       anon$$obj.o
    0x08005d8c   0x00000008   Data   RO          869    c$$dinf             fz_ws.l(fpconst.o)
    0x08005d94   0x0000001c   Data   RO          791    locale$$data        c_w.l(lc_numeric_c.o)
    0x08005db0   0x00000110   Data   RO          864    locale$$data        c_w.l(lc_ctype_c.o)


    Execution Region RW_IRAM1 (Base: 0x20000000, Size: 0x00000810, Max: 0x0000c000, ABSOLUTE)

    Base Addr    Size         Type   Attr      Idx    E Section Name        Object

    0x20000000   0x00000014   Data   RW          243    .data               system_stm32f10x.o
    0x20000014   0x00000018   Data   RW          387    .data               hall.o
    0x2000002c   0x00000008   Data   RW          429    .data               us.o
    0x20000034   0x00000004   Data   RW          447    .data               delay.o
    0x20000038   0x00000007   Data   RW          479    .data               usart.o
    0x2000003f   0x00000014   Data   RW          542    .data               stm32f10x_rcc.o
    0x20000053   0x00000001   PAD
    0x20000054   0x0000000a   Zero   RW          386    .bss                hall.o
    0x2000005e   0x00000002   PAD
    0x20000060   0x00000068   Zero   RW          405    .bss                pid.o
    0x200000c8   0x0000000a   Zero   RW          428    .bss                us.o
    0x200000d2   0x000000dc   Zero   RW          478    .bss                usart.o
    0x200001ae   0x00000002   PAD
    0x200001b0   0x00000060   Zero   RW          801    .bss                c_w.l(libspace.o)
    0x20000210   0x00000200   Zero   RW          523    HEAP                startup_stm32f10x_hd.o
    0x20000410   0x00000400   Zero   RW          522    STACK               startup_stm32f10x_hd.o


==============================================================================

Image component sizes


      Code (inc. data)   RO Data    RW Data    ZI Data      Debug   Object Name

       212         18          0          4          0       1123   delay.o
       400         38          0         24         10       1788   hall.o
        80          8          0          0          0        547   led.o
      1000        102          0          0          0     239075   main.o
       220         22          0          0          0       1897   misc.o
       784         82          0          0        104       1990   pid.o
       224         10          0          0          0        824   pwm.o
        64         26        304          0       1536        824   startup_stm32f10x_hd.o
       860         38          0          0          0       5745   stm32f10x_gpio.o
        26          0          0          0          0      44934   stm32f10x_it.o
       932         36          0         20          0       8968   stm32f10x_rcc.o
      3610         88          0          0          0     227100   stm32f10x_tim.o
      1032         22          0          0          0       8468   stm32f10x_usart.o
         0          0          0          0          0         32   sys.o
       480         38          0         20          0       1887   system_stm32f10x.o
       600         48          0          8         10       1898   us.o
       392         30          0          7        220       3536   usart.o

    ----------------------------------------------------------------------
     10920        606        336         84       1884     550636   Object Totals
         0          0         32          0          0          0   (incl. Generated)
         4          0          0          1          4          0   (incl. Padding)

    ----------------------------------------------------------------------

      Code (inc. data)   RO Data    RW Data    ZI Data      Debug   Library Member Name

         8          0          0          0          0         68   __main.o
       312          4         17          0          0         92   __printf_flags_wp.o
        14          0          0          0          0         68   __printf_wp.o
        52          8          0          0          0          0   __scatter.o
        26          0          0          0          0          0   __scatter_copy.o
        28          0          0          0          0          0   __scatter_zi.o
        28          0          0          0          0         68   _chval.o
        48          6          0          0          0         96   _printf_char_common.o
        36          4          0          0          0         80   _printf_char_file.o
         6          0          0          0          0          0   _printf_d.o
       116         16          0          0          0         92   _printf_dec.o
         6          0          0          0          0          0   _printf_f.o
      1046          0          0          0          0        216   _printf_fp_dec.o
       128         16          0          0          0         84   _printf_fp_infnan.o
       178          0          0          0          0         88   _printf_intcommon.o
         0          0          0          0          0          0   _printf_percent.o
         4          0          0          0          0          0   _printf_percent_end.o
        22          0          0          0          0        100   _rserrno.o
        64          0          0          0          0         84   _sgetc.o
       216          4        148          0          0         96   bigflt0.o
      2074        132          0          0          0        940   btod.o
        12          0          0          0          0         72   exit.o
         8          0          0          0          0         68   ferror.o
         6          0          0          0          0        152   heapauxi.o
        18          0          0          0          0         76   isspace.o
        44         10        272          0          0         76   lc_ctype_c.o
        44         10         28          0          0         76   lc_numeric_c.o
         2          0          0          0          0          0   libinit.o
        30          0          0          0          0          0   libinit2.o
         2          0          0          0          0          0   libshutdown.o
         2          0          0          0          0          0   libshutdown2.o
         8          4          0          0         96         68   libspace.o
        38          0          0          0          0         68   llshl.o
       138          0          0          0          0         80   lludiv10.o
        24          4          0          0          0         84   noretval__2printf.o
        16          4          0          0          0         76   rt_ctype_table.o
         8          4          0          0          0         68   rt_errno_addr_intlibspace.o
         8          4          0          0          0         68   rt_locale_intlibspace.o
        68          0          0          0          0         68   rt_memclr.o
        78          0          0          0          0         80   rt_memclr_w.o
       138          0          0          0          0         68   rt_memcpy_v6.o
       100          0          0          0          0         80   rt_memcpy_w.o
         0          0          0          0          0          0   rtentry.o
        12          0          0          0          0          0   rtentry2.o
         6          0          0          0          0          0   rtentry4.o
         2          0          0          0          0          0   rtexit.o
        10          0          0          0          0          0   rtexit2.o
      1188         12          0          0          0        148   scanf_fp.o
       792         14          0          0          0        100   scanf_hexfp.o
       308         16          0          0          0        100   scanf_infnan.o
       128          0          0          0          0         68   strcmpv7m.o
        62          0          0          0          0         76   strlen.o
       160         12          0          0          0        120   strtod.o
        74          0          0          0          0         80   sys_stackheap_outer.o
         2          0          0          0          0         68   use_no_semi.o
         2          0          0          0          0         68   use_no_semi_2.o
        98          4          0          0          0         92   d2f.o
       804         16          0          0          0        272   daddsub_clz.o
        16          4          0          0          0         68   dcheck1.o
        24          0          0          0          0         68   dcmpi.o
       120          4          0          0          0         92   deqf.o
        94          4          0          0          0         92   dfix.o
        46          0          0          0          0         68   dflt_clz.o
       120          4          0          0          0         92   dleqf.o
       340         12          0          0          0        104   dmul.o
       156          4          0          0          0         92   dnaninf.o
        12          0          0          0          0         68   dretinf.o
       108          0          0          0          0         80   drleqf.o
        86          4          0          0          0         84   f2d.o
       450          8          0          0          0        236   faddsub_clz.o
        24          0          0          0          0         68   fcmpi.o
       388         76          0          0          0         96   fdiv.o
       104          4          0          0          0         84   feqf.o
        54          4          0          0          0         84   ffix.o
        62          4          0          0          0         84   ffixu.o
        86          0          0          0          0        136   fflt_clz.o
       104          4          0          0          0         84   fleqf.o
       258          4          0          0          0         84   fmul.o
       140          4          0          0          0         84   fnaninf.o
         0          0          8          0          0          0   fpconst.o
        10          0          0          0          0         68   fretinf.o
        98          0          0          0          0         68   frleqf.o
         4          0          0          0          0         68   printf1.o
       100          0          0          0          0         68   retnan.o
        92          0          0          0          0         68   scalbn.o
         4          0          0          0          0         68   scanf1.o
         8          0          0          0          0         84   scanf2.o
        48          0          0          0          0         68   trapv.o
         0          0          0          0          0          0   usenofp.o
        42          0          0          0          0         84   atof.o
        16          6          0          0          0         68   dunder.o
        40          0          0          0          0         68   fpclassify.o
        88          8          0          0          0         76   frexp.o
       148          0          0          0          0        160   ldexp.o
       152          4          0          0          0        160   narrow.o

    ----------------------------------------------------------------------
     12526        468        474          0         96       7816   Library Totals
        32          2          1          0          0          0   (incl. Padding)

    ----------------------------------------------------------------------

      Code (inc. data)   RO Data    RW Data    ZI Data      Debug   Library Name

      7950        284        465          0         96       4328   c_w.l
      4058        164          8          0          0       2872   fz_ws.l
       486         18          0          0          0        616   m_ws.l

    ----------------------------------------------------------------------
     12526        468        474          0         96       7816   Library Totals

    ----------------------------------------------------------------------

==============================================================================


      Code (inc. data)   RO Data    RW Data    ZI Data      Debug   

     23446       1074        810         84       1980     552624   Grand Totals
     23446       1074        810         84       1980     552624   ELF Image Totals
     23446       1074        810         84          0          0   ROM Totals

==============================================================================

    Total RO  Size (Code + RO Data)                24256 (  23.69kB)
    Total RW  Size (RW Data + ZI Data)              2064 (   2.02kB)
    Total ROM Size (Code + RO Data + RW Data)      24340 (  23.77kB)

==============================================================================

